bak_cpu_1.csv (DE): 300 rows with >1% job/unit CO₂ mismatch
bak_cpu_1.csv (FR): 300 rows with >1% job/unit CO₂ mismatch
bak_cpu_1.csv (PL): 300 rows with >1% job/unit CO₂ mismatch
bak_cpu_10.csv (DE): 350 rows with >1% job/unit CO₂ mismatch
bak_cpu_10.csv (FR): 350 rows with >1% job/unit CO₂ mismatch
bak_cpu_10.csv (PL): 350 rows with >1% job/unit CO₂ mismatch
bak_cpu_16.csv (DE): 350 rows with >1% job/unit CO₂ mismatch
bak_cpu_16.csv (FR): 350 rows with >1% job/unit CO₂ mismatch
bak_cpu_16.csv (PL): 350 rows with >1% job/unit CO₂ mismatch
bak_cpu_2.csv (DE): 300 rows with >1% job/unit CO₂ mismatch
bak_cpu_2.csv (FR): 300 rows with >1% job/unit CO₂ mismatch
bak_cpu_2.csv (PL): 300 rows with >1% job/unit CO₂ mismatch
bak_cpu_20.csv (DE): 350 rows with >1% job/unit CO₂ mismatch
bak_cpu_20.csv (FR): 350 rows with >1% job/unit CO₂ mismatch
bak_cpu_20.csv (PL): 350 rows with >1% job/unit CO₂ mismatch
bak_cpu_4.csv (DE): 350 rows with >1% job/unit CO₂ mismatch
bak_cpu_4.csv (FR): 350 rows with >1% job/unit CO₂ mismatch
bak_cpu_4.csv (PL): 350 rows with >1% job/unit CO₂ mismatch
bak_cpu_8.csv (DE): 350 rows with >1% job/unit CO₂ mismatch
bak_cpu_8.csv (FR): 350 rows with >1% job/unit CO₂ mismatch
bak_cpu_8.csv (PL): 350 rows with >1% job/unit CO₂ mismatch
bak_3090_on_intel_pcie3.csv (DE): 350 rows with >1% job/unit CO₂ mismatch
bak_3090_on_intel_pcie3.csv (FR): 350 rows with >1% job/unit CO₂ mismatch
bak_3090_on_intel_pcie3.csv (PL): 350 rows with >1% job/unit CO₂ mismatch
bak_5050_on_intel_pcie3.csv (DE): 350 rows with >1% job/unit CO₂ mismatch
bak_5050_on_intel_pcie3.csv (FR): 350 rows with >1% job/unit CO₂ mismatch
bak_5050_on_intel_pcie3.csv (PL): 350 rows with >1% job/unit CO₂ mismatch
bak_cpu_amd_1.csv (DE): 200 rows with >1% job/unit CO₂ mismatch
bak_cpu_amd_1.csv (FR): 200 rows with >1% job/unit CO₂ mismatch
bak_cpu_amd_1.csv (PL): 200 rows with >1% job/unit CO₂ mismatch
bak_cpu_amd_10.csv (DE): 250 rows with >1% job/unit CO₂ mismatch
bak_cpu_amd_10.csv (FR): 250 rows with >1% job/unit CO₂ mismatch
bak_cpu_amd_10.csv (PL): 250 rows with >1% job/unit CO₂ mismatch
bak_cpu_amd_16.csv (DE): 250 rows with >1% job/unit CO₂ mismatch
bak_cpu_amd_16.csv (FR): 250 rows with >1% job/unit CO₂ mismatch
bak_cpu_amd_16.csv (PL): 250 rows with >1% job/unit CO₂ mismatch
bak_cpu_amd_2.csv (DE): 250 rows with >1% job/unit CO₂ mismatch
bak_cpu_amd_2.csv (FR): 250 rows with >1% job/unit CO₂ mismatch
bak_cpu_amd_2.csv (PL): 250 rows with >1% job/unit CO₂ mismatch
bak_cpu_amd_20.csv (DE): 250 rows with >1% job/unit CO₂ mismatch
bak_cpu_amd_20.csv (FR): 250 rows with >1% job/unit CO₂ mismatch
bak_cpu_amd_20.csv (PL): 250 rows with >1% job/unit CO₂ mismatch
bak_cpu_amd_32.csv (DE): 250 rows with >1% job/unit CO₂ mismatch
bak_cpu_amd_32.csv (FR): 250 rows with >1% job/unit CO₂ mismatch
bak_cpu_amd_32.csv (PL): 250 rows with >1% job/unit CO₂ mismatch
bak_cpu_amd_4.csv (DE): 250 rows with >1% job/unit CO₂ mismatch
bak_cpu_amd_4.csv (FR): 250 rows with >1% job/unit CO₂ mismatch
bak_cpu_amd_4.csv (PL): 250 rows with >1% job/unit CO₂ mismatch
bak_cpu_amd_64.csv (DE): 250 rows with >1% job/unit CO₂ mismatch
bak_cpu_amd_64.csv (FR): 250 rows with >1% job/unit CO₂ mismatch
bak_cpu_amd_64.csv (PL): 250 rows with >1% job/unit CO₂ mismatch
bak_cpu_amd_8.csv (DE): 250 rows with >1% job/unit CO₂ mismatch
bak_cpu_amd_8.csv (FR): 250 rows with >1% job/unit CO₂ mismatch
bak_cpu_amd_8.csv (PL): 250 rows with >1% job/unit CO₂ mismatch
bak_3090_amd_pciev3.csv (DE): 350 rows with >1% job/unit CO₂ mismatch
bak_3090_amd_pciev3.csv (FR): 350 rows with >1% job/unit CO₂ mismatch
bak_3090_amd_pciev3.csv (PL): 350 rows with >1% job/unit CO₂ mismatch
bak_3090_amd_pciev4.csv (DE): 350 rows with >1% job/unit CO₂ mismatch
bak_3090_amd_pciev4.csv (FR): 350 rows with >1% job/unit CO₂ mismatch
bak_3090_amd_pciev4.csv (PL): 350 rows with >1% job/unit CO₂ mismatch
bak_5050_amd_pciev3.csv (DE): 350 rows with >1% job/unit CO₂ mismatch
bak_5050_amd_pciev3.csv (FR): 350 rows with >1% job/unit CO₂ mismatch
bak_5050_amd_pciev3.csv (PL): 350 rows with >1% job/unit CO₂ mismatch
bak_5050_amd_pciev4.csv (DE): 350 rows with >1% job/unit CO₂ mismatch
bak_5050_amd_pciev4.csv (FR): 350 rows with >1% job/unit CO₂ mismatch
bak_5050_amd_pciev4.csv (PL): 350 rows with >1% job/unit CO₂ mismatch
