[BENCHMARK] workload=CONV2D platform=AMD backend=oneDNN schema=cpu-gpu-v2 mode=measurement session_id=conv2d_amd_20260729_000812_quickcheck repetitions=2 seed=6400 configurations=12 device_name=AMD Ryzen Threadripper 3970X 32-Core Processor dram_rapl_available=no reuse_regime=warm_resident algorithm_policy=convolution_auto scratchpad_mode=user execute_api=dnnl_primitive_execute onednn_cpu_threading_runtime=OpenMP onednn_version=3.8.1
onednn_cpu_threading_runtime=OpenMP DNNL_CPU_THREADING_RUNTIME=2 DNNL_RUNTIME_OMP=2 openmp_spec_date=201511
[CONFIG] shape=5 threads_requested=1 threads_observed=1
onednn_verbose,v1,info,oneDNN v3.8.1 (commit N/A)
onednn_verbose,v1,info,cpu,runtime:OpenMP,nthr:1
onednn_verbose,v1,info,cpu,isa:Intel AVX2
onednn_verbose,v1,info,gpu,runtime:none
onednn_verbose,v1,info,graph,backend,0:dnnl_backend
onednn_verbose,v1,info,experimental functionality for sparse domain is enabled
onednn_verbose,v1,primitive,info,template:operation,engine,primitive,implementation,prop_kind,memory_descriptors,attributes,auxiliary,problem_desc,exec_time
onednn_verbose,v1,graph,info,template:operation,engine,partition_id,partition_kind,op_names,data_formats,logical_tensors,fpmath_mode,implementation,backend,exec_time
onednn_verbose,v1,primitive,exec,cpu,reorder,jit:uni,undef,src:f32::blocked:abcd::f0 dst:f32::blocked:acdb::f0,,,32x3x224x224,9.45312
onednn_verbose,v1,primitive,exec,cpu,reorder,jit:uni,undef,src:f32::blocked:abcd::f0 dst:f32::blocked:Acdb32a::f0,,,64x3x7x7,0.0239258
[ONEDNN] version=3.8.1 cpu_threading_runtime=OpenMP implementation=brg_conv_fwd:avx2 src_layout="dims=[32:3:224:224];dtype=3;format_kind=2;size_bytes=19267584;strides=[150528:1:672:3];inner_nblks=0;inner_blks=[];inner_idxs=[]" weight_layout="dims=[64:3:7:7];dtype=3;format_kind=2;size_bytes=37632;strides=[4704:32:672:96];inner_nblks=1;inner_blks=[32];inner_idxs=[0]" dst_layout="dims=[32:64:112:112];dtype=3;format_kind=2;size_bytes=102760448;strides=[802816:1:7168:64];inner_nblks=0;inner_blks=[];inner_idxs=[]" src_reorder=yes weight_reorder=yes dst_reorder=yes scratchpad_mode=user scratchpad_size_bytes=8216 execute_api=dnnl_primitive_execute execute_arg_count=4
[ENV] requested_threads=1 observed_threads=1 OMP_NUM_THREADS_env=unset OMP_PROC_BIND=spread OMP_PLACES=cores ONEDNN_VERBOSE=1 DNNL_VERBOSE=1 effective_isa=7
onednn_verbose,v1,primitive,exec,cpu,convolution,brg_conv_fwd:avx2,forward_inference,src:f32:a:blocked:acdb::f0 wei:f32:a:blocked:Acdb32a::f0 bia:undef::undef::: dst:f32:a:blocked:acdb::f0,attr-scratchpad:user,alg:convolution_direct,mb32_ic3oc64_ih224oh112kh7sh2dh0ph3_iw224ow112kw7sw2dw0pw3,134.137
onednn_verbose,v1,primitive,exec,cpu,reorder,jit:uni,undef,src:f32::blocked:acdb::f0 dst:f32::blocked:abcd::f0,,,32x64x112x112,23.5901
[CHECKSUM] shape=5 threads=1 rep=0 samples=32 max_abs_error=0.000000e+00 max_rel_error=0.000000e+00 max_normalized_error=0.000000e+00 nonfinite=0 worst_flat_index=0 worst_n=0 worst_k=0 worst_oh=0 worst_ow=0 gate=PASS
onednn_verbose,v1,primitive,exec,cpu,convolution,brg_conv_fwd:avx2,forward_inference,src:f32:a:blocked:acdb::f0 wei:f32:a:blocked:Acdb32a::f0 bia:undef::undef::: dst:f32:a:blocked:acdb::f0,attr-scratchpad:user,alg:convolution_direct,mb32_ic3oc64_ih224oh112kh7sh2dh0ph3_iw224ow112kw7sw2dw0pw3,101.197
onednn_verbose,v1,primitive,exec,cpu,convolution,brg_conv_fwd:avx2,forward_inference,src:f32:a:blocked:acdb::f0 wei:f32:a:blocked:Acdb32a::f0 bia:undef::undef::: dst:f32:a:blocked:acdb::f0,attr-scratchpad:user,alg:convolution_direct,mb32_ic3oc64_ih224oh112kh7sh2dh0ph3_iw224ow112kw7sw2dw0pw3,101.368
onednn_verbose,v1,primitive,exec,cpu,convolution,brg_conv_fwd:avx2,forward_inference,src:f32:a:blocked:acdb::f0 wei:f32:a:blocked:Acdb32a::f0 bia:undef::undef::: dst:f32:a:blocked:acdb::f0,attr-scratchpad:user,alg:convolution_direct,mb32_ic3oc64_ih224oh112kh7sh2dh0ph3_iw224ow112kw7sw2dw0pw3,101.347
onednn_verbose,v1,primitive,exec,cpu,convolution,brg_conv_fwd:avx2,forward_inference,src:f32:a:blocked:acdb::f0 wei:f32:a:blocked:Acdb32a::f0 bia:undef::undef::: dst:f32:a:blocked:acdb::f0,attr-scratchpad:user,alg:convolution_direct,mb32_ic3oc64_ih224oh112kh7sh2dh0ph3_iw224ow112kw7sw2dw0pw3,101.183
onednn_verbose,v1,primitive,exec,cpu,convolution,brg_conv_fwd:avx2,forward_inference,src:f32:a:blocked:acdb::f0 wei:f32:a:blocked:Acdb32a::f0 bia:undef::undef::: dst:f32:a:blocked:acdb::f0,attr-scratchpad:user,alg:convolution_direct,mb32_ic3oc64_ih224oh112kh7sh2dh0ph3_iw224ow112kw7sw2dw0pw3,100.943
onednn_verbose,v1,primitive,exec,cpu,convolution,brg_conv_fwd:avx2,forward_inference,src:f32:a:blocked:acdb::f0 wei:f32:a:blocked:Acdb32a::f0 bia:undef::undef::: dst:f32:a:blocked:acdb::f0,attr-scratchpad:user,alg:convolution_direct,mb32_ic3oc64_ih224oh112kh7sh2dh0ph3_iw224ow112kw7sw2dw0pw3,101.399
onednn_verbose,v1,primitive,exec,cpu,convolution,brg_conv_fwd:avx2,forward_inference,src:f32:a:blocked:acdb::f0 wei:f32:a:blocked:Acdb32a::f0 bia:undef::undef::: dst:f32:a:blocked:acdb::f0,attr-scratchpad:user,alg:convolution_direct,mb32_ic3oc64_ih224oh112kh7sh2dh0ph3_iw224ow112kw7sw2dw0pw3,101.007
onednn_verbose,v1,primitive,exec,cpu,convolution,brg_conv_fwd:avx2,forward_inference,src:f32:a:blocked:acdb::f0 wei:f32:a:blocked:Acdb32a::f0 bia:undef::undef::: dst:f32:a:blocked:acdb::f0,attr-scratchpad:user,alg:convolution_direct,mb32_ic3oc64_ih224oh112kh7sh2dh0ph3_iw224ow112kw7sw2dw0pw3,101.618
onednn_verbose,v1,primitive,exec,cpu,convolution,brg_conv_fwd:avx2,forward_inference,src:f32:a:blocked:acdb::f0 wei:f32:a:blocked:Acdb32a::f0 bia:undef::undef::: dst:f32:a:blocked:acdb::f0,attr-scratchpad:user,alg:convolution_direct,mb32_ic3oc64_ih224oh112kh7sh2dh0ph3_iw224ow112kw7sw2dw0pw3,101.162
onednn_verbose,v1,primitive,exec,cpu,convolution,brg_conv_fwd:avx2,forward_inference,src:f32:a:blocked:acdb::f0 wei:f32:a:blocked:Acdb32a::f0 bia:undef::undef::: dst:f32:a:blocked:acdb::f0,attr-scratchpad:user,alg:convolution_direct,mb32_ic3oc64_ih224oh112kh7sh2dh0ph3_iw224ow112kw7sw2dw0pw3,101.073
onednn_verbose,v1,primitive,exec,cpu,convolution,brg_conv_fwd:avx2,forward_inference,src:f32:a:blocked:acdb::f0 wei:f32:a:blocked:Acdb32a::f0 bia:undef::undef::: dst:f32:a:blocked:acdb::f0,attr-scratchpad:user,alg:convolution_direct,mb32_ic3oc64_ih224oh112kh7sh2dh0ph3_iw224ow112kw7sw2dw0pw3,101.523
onednn_verbose,v1,primitive,exec,cpu,convolution,brg_conv_fwd:avx2,forward_inference,src:f32:a:blocked:acdb::f0 wei:f32:a:blocked:Acdb32a::f0 bia:undef::undef::: dst:f32:a:blocked:acdb::f0,attr-scratchpad:user,alg:convolution_direct,mb32_ic3oc64_ih224oh112kh7sh2dh0ph3_iw224ow112kw7sw2dw0pw3,101
[CALIBRATION] shape=5 threads=1 batches=10 runtime_s=1.01254 status=in_range
onednn_verbose,v1,primitive,exec,cpu,convolution,brg_conv_fwd:avx2,forward_inference,src:f32:a:blocked:acdb::f0 wei:f32:a:blocked:Acdb32a::f0 bia:undef::undef::: dst:f32:a:blocked:acdb::f0,attr-scratchpad:user,alg:convolution_direct,mb32_ic3oc64_ih224oh112kh7sh2dh0ph3_iw224ow112kw7sw2dw0pw3,101.091
onednn_verbose,v1,primitive,exec,cpu,convolution,brg_conv_fwd:avx2,forward_inference,src:f32:a:blocked:acdb::f0 wei:f32:a:blocked:Acdb32a::f0 bia:undef::undef::: dst:f32:a:blocked:acdb::f0,attr-scratchpad:user,alg:convolution_direct,mb32_ic3oc64_ih224oh112kh7sh2dh0ph3_iw224ow112kw7sw2dw0pw3,101.076
onednn_verbose,v1,primitive,exec,cpu,convolution,brg_conv_fwd:avx2,forward_inference,src:f32:a:blocked:acdb::f0 wei:f32:a:blocked:Acdb32a::f0 bia:undef::undef::: dst:f32:a:blocked:acdb::f0,attr-scratchpad:user,alg:convolution_direct,mb32_ic3oc64_ih224oh112kh7sh2dh0ph3_iw224ow112kw7sw2dw0pw3,101.31
onednn_verbose,v1,primitive,exec,cpu,convolution,brg_conv_fwd:avx2,forward_inference,src:f32:a:blocked:acdb::f0 wei:f32:a:blocked:Acdb32a::f0 bia:undef::undef::: dst:f32:a:blocked:acdb::f0,attr-scratchpad:user,alg:convolution_direct,mb32_ic3oc64_ih224oh112kh7sh2dh0ph3_iw224ow112kw7sw2dw0pw3,101.159
onednn_verbose,v1,primitive,exec,cpu,convolution,brg_conv_fwd:avx2,forward_inference,src:f32:a:blocked:acdb::f0 wei:f32:a:blocked:Acdb32a::f0 bia:undef::undef::: dst:f32:a:blocked:acdb::f0,attr-scratchpad:user,alg:convolution_direct,mb32_ic3oc64_ih224oh112kh7sh2dh0ph3_iw224ow112kw7sw2dw0pw3,100.925
onednn_verbose,v1,primitive,exec,cpu,convolution,brg_conv_fwd:avx2,forward_inference,src:f32:a:blocked:acdb::f0 wei:f32:a:blocked:Acdb32a::f0 bia:undef::undef::: dst:f32:a:blocked:acdb::f0,attr-scratchpad:user,alg:convolution_direct,mb32_ic3oc64_ih224oh112kh7sh2dh0ph3_iw224ow112kw7sw2dw0pw3,101.205
onednn_verbose,v1,primitive,exec,cpu,convolution,brg_conv_fwd:avx2,forward_inference,src:f32:a:blocked:acdb::f0 wei:f32:a:blocked:Acdb32a::f0 bia:undef::undef::: dst:f32:a:blocked:acdb::f0,attr-scratchpad:user,alg:convolution_direct,mb32_ic3oc64_ih224oh112kh7sh2dh0ph3_iw224ow112kw7sw2dw0pw3,101.099
onednn_verbose,v1,primitive,exec,cpu,convolution,brg_conv_fwd:avx2,forward_inference,src:f32:a:blocked:acdb::f0 wei:f32:a:blocked:Acdb32a::f0 bia:undef::undef::: dst:f32:a:blocked:acdb::f0,attr-scratchpad:user,alg:convolution_direct,mb32_ic3oc64_ih224oh112kh7sh2dh0ph3_iw224ow112kw7sw2dw0pw3,101.274
onednn_verbose,v1,primitive,exec,cpu,convolution,brg_conv_fwd:avx2,forward_inference,src:f32:a:blocked:acdb::f0 wei:f32:a:blocked:Acdb32a::f0 bia:undef::undef::: dst:f32:a:blocked:acdb::f0,attr-scratchpad:user,alg:convolution_direct,mb32_ic3oc64_ih224oh112kh7sh2dh0ph3_iw224ow112kw7sw2dw0pw3,101.355
onednn_verbose,v1,primitive,exec,cpu,convolution,brg_conv_fwd:avx2,forward_inference,src:f32:a:blocked:acdb::f0 wei:f32:a:blocked:Acdb32a::f0 bia:undef::undef::: dst:f32:a:blocked:acdb::f0,attr-scratchpad:user,alg:convolution_direct,mb32_ic3oc64_ih224oh112kh7sh2dh0ph3_iw224ow112kw7sw2dw0pw3,101.134
onednn_verbose,v1,primitive,exec,cpu,reorder,jit:uni,undef,src:f32::blocked:acdb::f0 dst:f32::blocked:abcd::f0,,,32x64x112x112,22.7271
[CHECKSUM] shape=5 threads=1 rep=1 samples=32 max_abs_error=0.000000e+00 max_rel_error=0.000000e+00 max_normalized_error=0.000000e+00 nonfinite=0 worst_flat_index=0 worst_n=0 worst_k=0 worst_oh=0 worst_ow=0 gate=PASS
[CONV2D] shape=5 threads=1 rep=1 batches=10 runtime_s=1.011930 device_energy_j=97.157787 status=in_range
