[BENCHMARK] workload=CONV2D platform=AMD backend=oneDNN schema=cpu-gpu-v2 mode=measurement session_id=conv2d_amd_20260729_002444_verbose_probe repetitions=1 seed=6576 configurations=1 device_name=AMD Ryzen Threadripper 3970X 32-Core Processor dram_rapl_available=no reuse_regime=warm_resident algorithm_policy=convolution_auto scratchpad_mode=user execute_api=dnnl_primitive_execute onednn_cpu_threading_runtime=OpenMP onednn_version=3.8.1
onednn_cpu_threading_runtime=OpenMP DNNL_CPU_THREADING_RUNTIME=2 DNNL_RUNTIME_OMP=2 openmp_spec_date=201511
[CONFIG] shape=6 threads_requested=1 threads_observed=1
onednn_verbose,v1,info,oneDNN v3.8.1 (commit N/A)
onednn_verbose,v1,info,cpu,runtime:OpenMP,nthr:1
onednn_verbose,v1,info,cpu,isa:Intel AVX2
onednn_verbose,v1,info,gpu,runtime:none
onednn_verbose,v1,info,graph,backend,0:dnnl_backend
onednn_verbose,v1,info,experimental functionality for sparse domain is enabled
onednn_verbose,v1,primitive,info,template:operation,engine,primitive,implementation,prop_kind,memory_descriptors,attributes,auxiliary,problem_desc,exec_time
onednn_verbose,v1,graph,info,template:operation,engine,partition_id,partition_kind,op_names,data_formats,logical_tensors,fpmath_mode,implementation,backend,exec_time
onednn_verbose,v1,primitive,exec,cpu,reorder,jit:uni,undef,src:f32::blocked:abcd::f0 dst:f32::blocked:acdb::f0,,,32x256x56x56,62.3899
onednn_verbose,v1,primitive,exec,cpu,reorder,jit:uni,undef,src:f32::blocked:abcd::f0 dst:f32:p:blocked:Acdb24a::f0,,,256x256x1x1,0.168945
[ONEDNN] version=3.8.1 cpu_threading_runtime=OpenMP implementation=brgconv_1x1:avx2 src_layout="dims=[32:256:56:56];dtype=3;format_kind=2;size_bytes=102760448;strides=[802816:1:14336:256];inner_nblks=0;inner_blks=[];inner_idxs=[]" weight_layout="dims=[256:256:1:1];dtype=3;format_kind=2;size_bytes=270336;strides=[6144:24:6144:6144];inner_nblks=1;inner_blks=[24];inner_idxs=[0]" dst_layout="dims=[32:256:56:56];dtype=3;format_kind=2;size_bytes=102760448;strides=[802816:1:14336:256];inner_nblks=0;inner_blks=[];inner_idxs=[]" src_reorder=yes weight_reorder=yes dst_reorder=yes scratchpad_mode=user scratchpad_size_bytes=8216 execute_api=dnnl_primitive_execute execute_arg_count=4
[ENV] requested_threads=1 observed_threads=1 OMP_NUM_THREADS_env=unset OMP_PROC_BIND=spread OMP_PLACES=cores ONEDNN_VERBOSE=1 DNNL_VERBOSE=1 effective_isa=7
onednn_verbose,v1,primitive,exec,cpu,convolution,brgconv_1x1:avx2,forward_inference,src:f32:a:blocked:acdb::f0 wei:f32:ap:blocked:Acdb24a::f0 bia:undef::undef::: dst:f32:a:blocked:acdb::f0,attr-scratchpad:user,alg:convolution_direct,mb32_ic256oc256_ih56oh56kh1sh1dh0ph0_iw56ow56kw1sw1dw0pw0,157.518
onednn_verbose,v1,primitive,exec,cpu,reorder,jit:uni,undef,src:f32::blocked:acdb::f0 dst:f32::blocked:abcd::f0,,,32x256x56x56,22.8279
[CHECKSUM] shape=6 threads=1 rep=0 samples=32 max_abs_error=0.000000e+00 max_rel_error=0.000000e+00 max_normalized_error=0.000000e+00 nonfinite=0 worst_flat_index=0 worst_n=0 worst_k=0 worst_oh=0 worst_ow=0 gate=PASS
onednn_verbose,v1,primitive,exec,cpu,convolution,brgconv_1x1:avx2,forward_inference,src:f32:a:blocked:acdb::f0 wei:f32:ap:blocked:Acdb24a::f0 bia:undef::undef::: dst:f32:a:blocked:acdb::f0,attr-scratchpad:user,alg:convolution_direct,mb32_ic256oc256_ih56oh56kh1sh1dh0ph0_iw56ow56kw1sw1dw0pw0,123.725
onednn_verbose,v1,primitive,exec,cpu,convolution,brgconv_1x1:avx2,forward_inference,src:f32:a:blocked:acdb::f0 wei:f32:ap:blocked:Acdb24a::f0 bia:undef::undef::: dst:f32:a:blocked:acdb::f0,attr-scratchpad:user,alg:convolution_direct,mb32_ic256oc256_ih56oh56kh1sh1dh0ph0_iw56ow56kw1sw1dw0pw0,123.85
onednn_verbose,v1,primitive,exec,cpu,convolution,brgconv_1x1:avx2,forward_inference,src:f32:a:blocked:acdb::f0 wei:f32:ap:blocked:Acdb24a::f0 bia:undef::undef::: dst:f32:a:blocked:acdb::f0,attr-scratchpad:user,alg:convolution_direct,mb32_ic256oc256_ih56oh56kh1sh1dh0ph0_iw56ow56kw1sw1dw0pw0,124.46
onednn_verbose,v1,primitive,exec,cpu,convolution,brgconv_1x1:avx2,forward_inference,src:f32:a:blocked:acdb::f0 wei:f32:ap:blocked:Acdb24a::f0 bia:undef::undef::: dst:f32:a:blocked:acdb::f0,attr-scratchpad:user,alg:convolution_direct,mb32_ic256oc256_ih56oh56kh1sh1dh0ph0_iw56ow56kw1sw1dw0pw0,124.021
onednn_verbose,v1,primitive,exec,cpu,convolution,brgconv_1x1:avx2,forward_inference,src:f32:a:blocked:acdb::f0 wei:f32:ap:blocked:Acdb24a::f0 bia:undef::undef::: dst:f32:a:blocked:acdb::f0,attr-scratchpad:user,alg:convolution_direct,mb32_ic256oc256_ih56oh56kh1sh1dh0ph0_iw56ow56kw1sw1dw0pw0,124.037
onednn_verbose,v1,primitive,exec,cpu,convolution,brgconv_1x1:avx2,forward_inference,src:f32:a:blocked:acdb::f0 wei:f32:ap:blocked:Acdb24a::f0 bia:undef::undef::: dst:f32:a:blocked:acdb::f0,attr-scratchpad:user,alg:convolution_direct,mb32_ic256oc256_ih56oh56kh1sh1dh0ph0_iw56ow56kw1sw1dw0pw0,123.651
onednn_verbose,v1,primitive,exec,cpu,convolution,brgconv_1x1:avx2,forward_inference,src:f32:a:blocked:acdb::f0 wei:f32:ap:blocked:Acdb24a::f0 bia:undef::undef::: dst:f32:a:blocked:acdb::f0,attr-scratchpad:user,alg:convolution_direct,mb32_ic256oc256_ih56oh56kh1sh1dh0ph0_iw56ow56kw1sw1dw0pw0,124.207
onednn_verbose,v1,primitive,exec,cpu,convolution,brgconv_1x1:avx2,forward_inference,src:f32:a:blocked:acdb::f0 wei:f32:ap:blocked:Acdb24a::f0 bia:undef::undef::: dst:f32:a:blocked:acdb::f0,attr-scratchpad:user,alg:convolution_direct,mb32_ic256oc256_ih56oh56kh1sh1dh0ph0_iw56ow56kw1sw1dw0pw0,123.686
onednn_verbose,v1,primitive,exec,cpu,convolution,brgconv_1x1:avx2,forward_inference,src:f32:a:blocked:acdb::f0 wei:f32:ap:blocked:Acdb24a::f0 bia:undef::undef::: dst:f32:a:blocked:acdb::f0,attr-scratchpad:user,alg:convolution_direct,mb32_ic256oc256_ih56oh56kh1sh1dh0ph0_iw56ow56kw1sw1dw0pw0,124.273
onednn_verbose,v1,primitive,exec,cpu,convolution,brgconv_1x1:avx2,forward_inference,src:f32:a:blocked:acdb::f0 wei:f32:ap:blocked:Acdb24a::f0 bia:undef::undef::: dst:f32:a:blocked:acdb::f0,attr-scratchpad:user,alg:convolution_direct,mb32_ic256oc256_ih56oh56kh1sh1dh0ph0_iw56ow56kw1sw1dw0pw0,124.128
onednn_verbose,v1,primitive,exec,cpu,convolution,brgconv_1x1:avx2,forward_inference,src:f32:a:blocked:acdb::f0 wei:f32:ap:blocked:Acdb24a::f0 bia:undef::undef::: dst:f32:a:blocked:acdb::f0,attr-scratchpad:user,alg:convolution_direct,mb32_ic256oc256_ih56oh56kh1sh1dh0ph0_iw56ow56kw1sw1dw0pw0,123.695
[CALIBRATION] shape=6 threads=1 batches=9 runtime_s=1.11658 status=in_range
onednn_verbose,v1,primitive,exec,cpu,convolution,brgconv_1x1:avx2,forward_inference,src:f32:a:blocked:acdb::f0 wei:f32:ap:blocked:Acdb24a::f0 bia:undef::undef::: dst:f32:a:blocked:acdb::f0,attr-scratchpad:user,alg:convolution_direct,mb32_ic256oc256_ih56oh56kh1sh1dh0ph0_iw56ow56kw1sw1dw0pw0,124.182
onednn_verbose,v1,primitive,exec,cpu,convolution,brgconv_1x1:avx2,forward_inference,src:f32:a:blocked:acdb::f0 wei:f32:ap:blocked:Acdb24a::f0 bia:undef::undef::: dst:f32:a:blocked:acdb::f0,attr-scratchpad:user,alg:convolution_direct,mb32_ic256oc256_ih56oh56kh1sh1dh0ph0_iw56ow56kw1sw1dw0pw0,126.096
onednn_verbose,v1,primitive,exec,cpu,convolution,brgconv_1x1:avx2,forward_inference,src:f32:a:blocked:acdb::f0 wei:f32:ap:blocked:Acdb24a::f0 bia:undef::undef::: dst:f32:a:blocked:acdb::f0,attr-scratchpad:user,alg:convolution_direct,mb32_ic256oc256_ih56oh56kh1sh1dh0ph0_iw56ow56kw1sw1dw0pw0,123.944
onednn_verbose,v1,primitive,exec,cpu,convolution,brgconv_1x1:avx2,forward_inference,src:f32:a:blocked:acdb::f0 wei:f32:ap:blocked:Acdb24a::f0 bia:undef::undef::: dst:f32:a:blocked:acdb::f0,attr-scratchpad:user,alg:convolution_direct,mb32_ic256oc256_ih56oh56kh1sh1dh0ph0_iw56ow56kw1sw1dw0pw0,124.217
onednn_verbose,v1,primitive,exec,cpu,convolution,brgconv_1x1:avx2,forward_inference,src:f32:a:blocked:acdb::f0 wei:f32:ap:blocked:Acdb24a::f0 bia:undef::undef::: dst:f32:a:blocked:acdb::f0,attr-scratchpad:user,alg:convolution_direct,mb32_ic256oc256_ih56oh56kh1sh1dh0ph0_iw56ow56kw1sw1dw0pw0,124.106
onednn_verbose,v1,primitive,exec,cpu,convolution,brgconv_1x1:avx2,forward_inference,src:f32:a:blocked:acdb::f0 wei:f32:ap:blocked:Acdb24a::f0 bia:undef::undef::: dst:f32:a:blocked:acdb::f0,attr-scratchpad:user,alg:convolution_direct,mb32_ic256oc256_ih56oh56kh1sh1dh0ph0_iw56ow56kw1sw1dw0pw0,124.246
onednn_verbose,v1,primitive,exec,cpu,convolution,brgconv_1x1:avx2,forward_inference,src:f32:a:blocked:acdb::f0 wei:f32:ap:blocked:Acdb24a::f0 bia:undef::undef::: dst:f32:a:blocked:acdb::f0,attr-scratchpad:user,alg:convolution_direct,mb32_ic256oc256_ih56oh56kh1sh1dh0ph0_iw56ow56kw1sw1dw0pw0,124.445
onednn_verbose,v1,primitive,exec,cpu,convolution,brgconv_1x1:avx2,forward_inference,src:f32:a:blocked:acdb::f0 wei:f32:ap:blocked:Acdb24a::f0 bia:undef::undef::: dst:f32:a:blocked:acdb::f0,attr-scratchpad:user,alg:convolution_direct,mb32_ic256oc256_ih56oh56kh1sh1dh0ph0_iw56ow56kw1sw1dw0pw0,123.953
onednn_verbose,v1,primitive,exec,cpu,convolution,brgconv_1x1:avx2,forward_inference,src:f32:a:blocked:acdb::f0 wei:f32:ap:blocked:Acdb24a::f0 bia:undef::undef::: dst:f32:a:blocked:acdb::f0,attr-scratchpad:user,alg:convolution_direct,mb32_ic256oc256_ih56oh56kh1sh1dh0ph0_iw56ow56kw1sw1dw0pw0,124.543
onednn_verbose,v1,primitive,exec,cpu,reorder,jit:uni,undef,src:f32::blocked:acdb::f0 dst:f32::blocked:abcd::f0,,,32x256x56x56,23.6531
[CHECKSUM] shape=6 threads=1 rep=1 samples=32 max_abs_error=0.000000e+00 max_rel_error=0.000000e+00 max_normalized_error=0.000000e+00 nonfinite=0 worst_flat_index=0 worst_n=0 worst_k=0 worst_oh=0 worst_ow=0 gate=PASS
[CONV2D] shape=6 threads=1 rep=1 batches=9 runtime_s=1.120156 device_energy_j=111.306332 status=in_range
