
==============NVSMI LOG==============

Timestamp                                              : Wed Jul 22 05:06:11 2026
Driver Version                                         : 580.159.03
CUDA Version                                           : 13.0

Attached GPUs                                          : 1
GPU 00000000:01:00.0
    Temperature
        GPU Current Temp                               : 44 C
        GPU T.Limit Temp                               : 43 C
        GPU Shutdown T.Limit Temp                      : -5 C
        GPU Slowdown T.Limit Temp                      : -2 C
        GPU Max Operating T.Limit Temp                 : 0 C
        GPU Target Temperature                         : N/A
        Memory Current Temp                            : N/A
        Memory Max Operating T.Limit Temp              : N/A
    GPU Power Readings
        Average Power Draw                             : 6.50 W
        Instantaneous Power Draw                       : 6.50 W
        Current Power Limit                            : 180.00 W
        Requested Power Limit                          : 180.00 W
        Default Power Limit                            : 180.00 W
        Min Power Limit                                : 150.00 W
        Max Power Limit                                : 198.00 W
    Power Samples
        Duration                                       : 11.78 sec
        Number of Samples                              : 119
        Max                                            : 21.10 W
        Min                                            : 6.28 W
        Avg                                            : 6.59 W
    GPU Memory Power Readings 
        Average Power Draw                             : N/A
        Instantaneous Power Draw                       : N/A
    Module Power Readings
        Average Power Draw                             : N/A
        Instantaneous Power Draw                       : N/A
        Current Power Limit                            : N/A
        Requested Power Limit                          : N/A
        Default Power Limit                            : N/A
        Min Power Limit                                : N/A
        Max Power Limit                                : N/A
    Clocks
        Graphics                                       : 180 MHz
        SM                                             : 180 MHz
        Memory                                         : 405 MHz
        Video                                          : 600 MHz
    Applications Clocks
        Graphics                                       : N/A
        Memory                                         : N/A
    Default Applications Clocks
        Graphics                                       : N/A
        Memory                                         : N/A
    Deferred Clocks
        Memory                                         : N/A
    Max Clocks
        Graphics                                       : 3090 MHz
        SM                                             : 3090 MHz
        Memory                                         : 14001 MHz
        Video                                          : 3090 MHz
    Max Customer Boost Clocks
        Graphics                                       : N/A
    SM Clock Samples
        Duration                                       : N/A
        Number of Samples                              : N/A
        Max                                            : N/A
        Min                                            : N/A
        Avg                                            : N/A
    Memory Clock Samples
        Duration                                       : N/A
        Number of Samples                              : N/A
        Max                                            : N/A
        Min                                            : N/A
        Avg                                            : N/A
    Clock Policy
        Auto Boost                                     : N/A
        Auto Boost Default                             : N/A

