bak_cpu_intel_1.csv (DE): 2388 rows with >1% job/unit CO₂ mismatch
bak_cpu_intel_1.csv (FR): 2388 rows with >1% job/unit CO₂ mismatch
bak_cpu_intel_1.csv (PL): 2388 rows with >1% job/unit CO₂ mismatch
bak_cpu_intel_10.csv (DE): 2394 rows with >1% job/unit CO₂ mismatch
bak_cpu_intel_10.csv (FR): 2394 rows with >1% job/unit CO₂ mismatch
bak_cpu_intel_10.csv (PL): 2394 rows with >1% job/unit CO₂ mismatch
bak_cpu_intel_16.csv (DE): 2394 rows with >1% job/unit CO₂ mismatch
bak_cpu_intel_16.csv (FR): 2394 rows with >1% job/unit CO₂ mismatch
bak_cpu_intel_16.csv (PL): 2394 rows with >1% job/unit CO₂ mismatch
bak_cpu_intel_2.csv (DE): 2388 rows with >1% job/unit CO₂ mismatch
bak_cpu_intel_2.csv (FR): 2388 rows with >1% job/unit CO₂ mismatch
bak_cpu_intel_2.csv (PL): 2388 rows with >1% job/unit CO₂ mismatch
bak_cpu_intel_20.csv (DE): 2394 rows with >1% job/unit CO₂ mismatch
bak_cpu_intel_20.csv (FR): 2394 rows with >1% job/unit CO₂ mismatch
bak_cpu_intel_20.csv (PL): 2394 rows with >1% job/unit CO₂ mismatch
bak_cpu_intel_4.csv (DE): 2388 rows with >1% job/unit CO₂ mismatch
bak_cpu_intel_4.csv (FR): 2388 rows with >1% job/unit CO₂ mismatch
bak_cpu_intel_4.csv (PL): 2388 rows with >1% job/unit CO₂ mismatch
bak_cpu_intel_8.csv (DE): 2394 rows with >1% job/unit CO₂ mismatch
bak_cpu_intel_8.csv (FR): 2394 rows with >1% job/unit CO₂ mismatch
bak_cpu_intel_8.csv (PL): 2394 rows with >1% job/unit CO₂ mismatch
bak_3090_intel_pciev3.csv (DE): 2400 rows with >1% job/unit CO₂ mismatch
bak_3090_intel_pciev3.csv (FR): 2400 rows with >1% job/unit CO₂ mismatch
bak_3090_intel_pciev3.csv (PL): 2400 rows with >1% job/unit CO₂ mismatch
bak_5050_intel_pciev3.csv (DE): 2400 rows with >1% job/unit CO₂ mismatch
bak_5050_intel_pciev3.csv (FR): 2400 rows with >1% job/unit CO₂ mismatch
bak_5050_intel_pciev3.csv (PL): 2400 rows with >1% job/unit CO₂ mismatch
bak_cpu_amd_1.csv (DE): 2388 rows with >1% job/unit CO₂ mismatch
bak_cpu_amd_1.csv (FR): 2388 rows with >1% job/unit CO₂ mismatch
bak_cpu_amd_1.csv (PL): 2388 rows with >1% job/unit CO₂ mismatch
bak_cpu_amd_10.csv (DE): 2394 rows with >1% job/unit CO₂ mismatch
bak_cpu_amd_10.csv (FR): 2394 rows with >1% job/unit CO₂ mismatch
bak_cpu_amd_10.csv (PL): 2394 rows with >1% job/unit CO₂ mismatch
bak_cpu_amd_16.csv (DE): 2398 rows with >1% job/unit CO₂ mismatch
bak_cpu_amd_16.csv (FR): 2398 rows with >1% job/unit CO₂ mismatch
bak_cpu_amd_16.csv (PL): 2398 rows with >1% job/unit CO₂ mismatch
bak_cpu_amd_2.csv (DE): 2388 rows with >1% job/unit CO₂ mismatch
bak_cpu_amd_2.csv (FR): 2388 rows with >1% job/unit CO₂ mismatch
bak_cpu_amd_2.csv (PL): 2388 rows with >1% job/unit CO₂ mismatch
bak_cpu_amd_20.csv (DE): 2400 rows with >1% job/unit CO₂ mismatch
bak_cpu_amd_20.csv (FR): 2400 rows with >1% job/unit CO₂ mismatch
bak_cpu_amd_20.csv (PL): 2400 rows with >1% job/unit CO₂ mismatch
bak_cpu_amd_32.csv (DE): 2400 rows with >1% job/unit CO₂ mismatch
bak_cpu_amd_32.csv (FR): 2400 rows with >1% job/unit CO₂ mismatch
bak_cpu_amd_32.csv (PL): 2400 rows with >1% job/unit CO₂ mismatch
bak_cpu_amd_4.csv (DE): 2394 rows with >1% job/unit CO₂ mismatch
bak_cpu_amd_4.csv (FR): 2394 rows with >1% job/unit CO₂ mismatch
bak_cpu_amd_4.csv (PL): 2394 rows with >1% job/unit CO₂ mismatch
bak_cpu_amd_64.csv (DE): 2400 rows with >1% job/unit CO₂ mismatch
bak_cpu_amd_64.csv (FR): 2400 rows with >1% job/unit CO₂ mismatch
bak_cpu_amd_64.csv (PL): 2400 rows with >1% job/unit CO₂ mismatch
bak_cpu_amd_8.csv (DE): 2394 rows with >1% job/unit CO₂ mismatch
bak_cpu_amd_8.csv (FR): 2394 rows with >1% job/unit CO₂ mismatch
bak_cpu_amd_8.csv (PL): 2394 rows with >1% job/unit CO₂ mismatch
bak_3090_on_amd_pciev3.csv (DE): 2400 rows with >1% job/unit CO₂ mismatch
bak_3090_on_amd_pciev3.csv (FR): 2400 rows with >1% job/unit CO₂ mismatch
bak_3090_on_amd_pciev3.csv (PL): 2400 rows with >1% job/unit CO₂ mismatch
bak_3090_on_amd_pciev4.csv (DE): 2400 rows with >1% job/unit CO₂ mismatch
bak_3090_on_amd_pciev4.csv (FR): 2400 rows with >1% job/unit CO₂ mismatch
bak_3090_on_amd_pciev4.csv (PL): 2400 rows with >1% job/unit CO₂ mismatch
bak_5050_on_amd_pciev3.csv (DE): 2400 rows with >1% job/unit CO₂ mismatch
bak_5050_on_amd_pciev3.csv (FR): 2400 rows with >1% job/unit CO₂ mismatch
bak_5050_on_amd_pciev3.csv (PL): 2400 rows with >1% job/unit CO₂ mismatch
bak_5050_on_amd_pciev4.csv (DE): 2400 rows with >1% job/unit CO₂ mismatch
bak_5050_on_amd_pciev4.csv (FR): 2400 rows with >1% job/unit CO₂ mismatch
bak_5050_on_amd_pciev4.csv (PL): 2400 rows with >1% job/unit CO₂ mismatch
