CONV2D | Intel(R) Core(TM) i9-7900X CPU @ 3.30GHz | platform=INTEL | implementation=onednn_convolution_auto | session=conv2d_intel_20260729_004307_verbose_probe | reps=1 | configs=1 | DRAM-RAPL=yes
[CONFIG] shape=6 threads_requested=1 threads_observed=1
onednn_verbose,v1,info,oneDNN v3.8.1 (commit N/A)
onednn_verbose,v1,info,cpu,runtime:OpenMP,nthr:1
onednn_verbose,v1,info,cpu,isa:Intel AVX-512 with AVX512BW, AVX512VL, and AVX512DQ extensions
onednn_verbose,v1,info,gpu,runtime:none
onednn_verbose,v1,info,graph,backend,0:dnnl_backend
onednn_verbose,v1,info,experimental functionality for sparse domain is enabled
onednn_verbose,v1,primitive,info,template:operation,engine,primitive,implementation,prop_kind,memory_descriptors,attributes,auxiliary,problem_desc,exec_time
onednn_verbose,v1,graph,info,template:operation,engine,partition_id,partition_kind,op_names,data_formats,logical_tensors,fpmath_mode,implementation,backend,exec_time
onednn_verbose,v1,primitive,exec,cpu,reorder,jit:uni,undef,src:f32::blocked:abcd::f0 dst:f32::blocked:acdb::f0,,,32x256x56x56,57.6609
onednn_verbose,v1,primitive,exec,cpu,reorder,jit:uni,undef,src:f32::blocked:abcd::f0 dst:f32::blocked:Acdb64a::f0,,,256x256x1x1,0.125977
[ONEDNN] version=3.8.1 cpu_threading_runtime=OpenMP implementation=brgconv_1x1:avx512_core src_layout="dims=[32:256:56:56];dtype=3;format_kind=2;size_bytes=102760448;strides=[802816:1:14336:256];inner_nblks=0;inner_blks=[];inner_idxs=[]" weight_layout="dims=[256:256:1:1];dtype=3;format_kind=2;size_bytes=262144;strides=[16384:64:16384:16384];inner_nblks=1;inner_blks=[64];inner_idxs=[0]" dst_layout="dims=[32:256:56:56];dtype=3;format_kind=2;size_bytes=102760448;strides=[802816:1:14336:256];inner_nblks=0;inner_blks=[];inner_idxs=[]" src_reorder=yes weight_reorder=yes dst_reorder=yes scratchpad_mode=user scratchpad_size_bytes=8216 execute_api=dnnl_primitive_execute execute_arg_count=4
[ENV] requested_threads=1 observed_threads=1 OMP_NUM_THREADS_env=unset OMP_PROC_BIND=spread OMP_PLACES=cores ONEDNN_VERBOSE=1 DNNL_VERBOSE=1 effective_isa=39
onednn_verbose,v1,primitive,exec,cpu,convolution,brgconv_1x1:avx512_core,forward_inference,src:f32:a:blocked:acdb::f0 wei:f32:a:blocked:Acdb64a::f0 bia:undef::undef::: dst:f32:a:blocked:acdb::f0,attr-scratchpad:user,alg:convolution_direct,mb32_ic256oc256_ih56oh56kh1sh1dh0ph0_iw56ow56kw1sw1dw0pw0,102.948
onednn_verbose,v1,primitive,exec,cpu,reorder,jit:uni,undef,src:f32::blocked:acdb::f0 dst:f32::blocked:abcd::f0,,,32x256x56x56,27.186
[CHECKSUM] shape=6 threads=1 rep=0 samples=32 max_abs_error=0.000000e+00 max_rel_error=0.000000e+00 max_normalized_error=0.000000e+00 nonfinite=0 worst_flat_index=0 worst_n=0 worst_k=0 worst_oh=0 worst_ow=0 gate=PASS
onednn_verbose,v1,primitive,exec,cpu,convolution,brgconv_1x1:avx512_core,forward_inference,src:f32:a:blocked:acdb::f0 wei:f32:a:blocked:Acdb64a::f0 bia:undef::undef::: dst:f32:a:blocked:acdb::f0,attr-scratchpad:user,alg:convolution_direct,mb32_ic256oc256_ih56oh56kh1sh1dh0ph0_iw56ow56kw1sw1dw0pw0,65.6382
onednn_verbose,v1,primitive,exec,cpu,convolution,brgconv_1x1:avx512_core,forward_inference,src:f32:a:blocked:acdb::f0 wei:f32:a:blocked:Acdb64a::f0 bia:undef::undef::: dst:f32:a:blocked:acdb::f0,attr-scratchpad:user,alg:convolution_direct,mb32_ic256oc256_ih56oh56kh1sh1dh0ph0_iw56ow56kw1sw1dw0pw0,65.5452
onednn_verbose,v1,primitive,exec,cpu,convolution,brgconv_1x1:avx512_core,forward_inference,src:f32:a:blocked:acdb::f0 wei:f32:a:blocked:Acdb64a::f0 bia:undef::undef::: dst:f32:a:blocked:acdb::f0,attr-scratchpad:user,alg:convolution_direct,mb32_ic256oc256_ih56oh56kh1sh1dh0ph0_iw56ow56kw1sw1dw0pw0,65.52
onednn_verbose,v1,primitive,exec,cpu,convolution,brgconv_1x1:avx512_core,forward_inference,src:f32:a:blocked:acdb::f0 wei:f32:a:blocked:Acdb64a::f0 bia:undef::undef::: dst:f32:a:blocked:acdb::f0,attr-scratchpad:user,alg:convolution_direct,mb32_ic256oc256_ih56oh56kh1sh1dh0ph0_iw56ow56kw1sw1dw0pw0,65.519
onednn_verbose,v1,primitive,exec,cpu,convolution,brgconv_1x1:avx512_core,forward_inference,src:f32:a:blocked:acdb::f0 wei:f32:a:blocked:Acdb64a::f0 bia:undef::undef::: dst:f32:a:blocked:acdb::f0,attr-scratchpad:user,alg:convolution_direct,mb32_ic256oc256_ih56oh56kh1sh1dh0ph0_iw56ow56kw1sw1dw0pw0,65.511
onednn_verbose,v1,primitive,exec,cpu,convolution,brgconv_1x1:avx512_core,forward_inference,src:f32:a:blocked:acdb::f0 wei:f32:a:blocked:Acdb64a::f0 bia:undef::undef::: dst:f32:a:blocked:acdb::f0,attr-scratchpad:user,alg:convolution_direct,mb32_ic256oc256_ih56oh56kh1sh1dh0ph0_iw56ow56kw1sw1dw0pw0,65.5161
onednn_verbose,v1,primitive,exec,cpu,convolution,brgconv_1x1:avx512_core,forward_inference,src:f32:a:blocked:acdb::f0 wei:f32:a:blocked:Acdb64a::f0 bia:undef::undef::: dst:f32:a:blocked:acdb::f0,attr-scratchpad:user,alg:convolution_direct,mb32_ic256oc256_ih56oh56kh1sh1dh0ph0_iw56ow56kw1sw1dw0pw0,65.4819
onednn_verbose,v1,primitive,exec,cpu,convolution,brgconv_1x1:avx512_core,forward_inference,src:f32:a:blocked:acdb::f0 wei:f32:a:blocked:Acdb64a::f0 bia:undef::undef::: dst:f32:a:blocked:acdb::f0,attr-scratchpad:user,alg:convolution_direct,mb32_ic256oc256_ih56oh56kh1sh1dh0ph0_iw56ow56kw1sw1dw0pw0,65.408
onednn_verbose,v1,primitive,exec,cpu,convolution,brgconv_1x1:avx512_core,forward_inference,src:f32:a:blocked:acdb::f0 wei:f32:a:blocked:Acdb64a::f0 bia:undef::undef::: dst:f32:a:blocked:acdb::f0,attr-scratchpad:user,alg:convolution_direct,mb32_ic256oc256_ih56oh56kh1sh1dh0ph0_iw56ow56kw1sw1dw0pw0,66.0178
onednn_verbose,v1,primitive,exec,cpu,convolution,brgconv_1x1:avx512_core,forward_inference,src:f32:a:blocked:acdb::f0 wei:f32:a:blocked:Acdb64a::f0 bia:undef::undef::: dst:f32:a:blocked:acdb::f0,attr-scratchpad:user,alg:convolution_direct,mb32_ic256oc256_ih56oh56kh1sh1dh0ph0_iw56ow56kw1sw1dw0pw0,65.6941
onednn_verbose,v1,primitive,exec,cpu,convolution,brgconv_1x1:avx512_core,forward_inference,src:f32:a:blocked:acdb::f0 wei:f32:a:blocked:Acdb64a::f0 bia:undef::undef::: dst:f32:a:blocked:acdb::f0,attr-scratchpad:user,alg:convolution_direct,mb32_ic256oc256_ih56oh56kh1sh1dh0ph0_iw56ow56kw1sw1dw0pw0,65.49
onednn_verbose,v1,primitive,exec,cpu,convolution,brgconv_1x1:avx512_core,forward_inference,src:f32:a:blocked:acdb::f0 wei:f32:a:blocked:Acdb64a::f0 bia:undef::undef::: dst:f32:a:blocked:acdb::f0,attr-scratchpad:user,alg:convolution_direct,mb32_ic256oc256_ih56oh56kh1sh1dh0ph0_iw56ow56kw1sw1dw0pw0,65.4949
onednn_verbose,v1,primitive,exec,cpu,convolution,brgconv_1x1:avx512_core,forward_inference,src:f32:a:blocked:acdb::f0 wei:f32:a:blocked:Acdb64a::f0 bia:undef::undef::: dst:f32:a:blocked:acdb::f0,attr-scratchpad:user,alg:convolution_direct,mb32_ic256oc256_ih56oh56kh1sh1dh0ph0_iw56ow56kw1sw1dw0pw0,65.5059
onednn_verbose,v1,primitive,exec,cpu,convolution,brgconv_1x1:avx512_core,forward_inference,src:f32:a:blocked:acdb::f0 wei:f32:a:blocked:Acdb64a::f0 bia:undef::undef::: dst:f32:a:blocked:acdb::f0,attr-scratchpad:user,alg:convolution_direct,mb32_ic256oc256_ih56oh56kh1sh1dh0ph0_iw56ow56kw1sw1dw0pw0,65.511
onednn_verbose,v1,primitive,exec,cpu,convolution,brgconv_1x1:avx512_core,forward_inference,src:f32:a:blocked:acdb::f0 wei:f32:a:blocked:Acdb64a::f0 bia:undef::undef::: dst:f32:a:blocked:acdb::f0,attr-scratchpad:user,alg:convolution_direct,mb32_ic256oc256_ih56oh56kh1sh1dh0ph0_iw56ow56kw1sw1dw0pw0,65.418
onednn_verbose,v1,primitive,exec,cpu,convolution,brgconv_1x1:avx512_core,forward_inference,src:f32:a:blocked:acdb::f0 wei:f32:a:blocked:Acdb64a::f0 bia:undef::undef::: dst:f32:a:blocked:acdb::f0,attr-scratchpad:user,alg:convolution_direct,mb32_ic256oc256_ih56oh56kh1sh1dh0ph0_iw56ow56kw1sw1dw0pw0,65.3889
onednn_verbose,v1,primitive,exec,cpu,convolution,brgconv_1x1:avx512_core,forward_inference,src:f32:a:blocked:acdb::f0 wei:f32:a:blocked:Acdb64a::f0 bia:undef::undef::: dst:f32:a:blocked:acdb::f0,attr-scratchpad:user,alg:convolution_direct,mb32_ic256oc256_ih56oh56kh1sh1dh0ph0_iw56ow56kw1sw1dw0pw0,65.4221
onednn_verbose,v1,primitive,exec,cpu,convolution,brgconv_1x1:avx512_core,forward_inference,src:f32:a:blocked:acdb::f0 wei:f32:a:blocked:Acdb64a::f0 bia:undef::undef::: dst:f32:a:blocked:acdb::f0,attr-scratchpad:user,alg:convolution_direct,mb32_ic256oc256_ih56oh56kh1sh1dh0ph0_iw56ow56kw1sw1dw0pw0,65.4722
onednn_verbose,v1,primitive,exec,cpu,convolution,brgconv_1x1:avx512_core,forward_inference,src:f32:a:blocked:acdb::f0 wei:f32:a:blocked:Acdb64a::f0 bia:undef::undef::: dst:f32:a:blocked:acdb::f0,attr-scratchpad:user,alg:convolution_direct,mb32_ic256oc256_ih56oh56kh1sh1dh0ph0_iw56ow56kw1sw1dw0pw0,65.5649
onednn_verbose,v1,primitive,exec,cpu,convolution,brgconv_1x1:avx512_core,forward_inference,src:f32:a:blocked:acdb::f0 wei:f32:a:blocked:Acdb64a::f0 bia:undef::undef::: dst:f32:a:blocked:acdb::f0,attr-scratchpad:user,alg:convolution_direct,mb32_ic256oc256_ih56oh56kh1sh1dh0ph0_iw56ow56kw1sw1dw0pw0,65.438
onednn_verbose,v1,primitive,exec,cpu,convolution,brgconv_1x1:avx512_core,forward_inference,src:f32:a:blocked:acdb::f0 wei:f32:a:blocked:Acdb64a::f0 bia:undef::undef::: dst:f32:a:blocked:acdb::f0,attr-scratchpad:user,alg:convolution_direct,mb32_ic256oc256_ih56oh56kh1sh1dh0ph0_iw56ow56kw1sw1dw0pw0,65.437
onednn_verbose,v1,primitive,exec,cpu,convolution,brgconv_1x1:avx512_core,forward_inference,src:f32:a:blocked:acdb::f0 wei:f32:a:blocked:Acdb64a::f0 bia:undef::undef::: dst:f32:a:blocked:acdb::f0,attr-scratchpad:user,alg:convolution_direct,mb32_ic256oc256_ih56oh56kh1sh1dh0ph0_iw56ow56kw1sw1dw0pw0,65.439
onednn_verbose,v1,primitive,exec,cpu,convolution,brgconv_1x1:avx512_core,forward_inference,src:f32:a:blocked:acdb::f0 wei:f32:a:blocked:Acdb64a::f0 bia:undef::undef::: dst:f32:a:blocked:acdb::f0,attr-scratchpad:user,alg:convolution_direct,mb32_ic256oc256_ih56oh56kh1sh1dh0ph0_iw56ow56kw1sw1dw0pw0,65.4238
onednn_verbose,v1,primitive,exec,cpu,convolution,brgconv_1x1:avx512_core,forward_inference,src:f32:a:blocked:acdb::f0 wei:f32:a:blocked:Acdb64a::f0 bia:undef::undef::: dst:f32:a:blocked:acdb::f0,attr-scratchpad:user,alg:convolution_direct,mb32_ic256oc256_ih56oh56kh1sh1dh0ph0_iw56ow56kw1sw1dw0pw0,65.4438
onednn_verbose,v1,primitive,exec,cpu,convolution,brgconv_1x1:avx512_core,forward_inference,src:f32:a:blocked:acdb::f0 wei:f32:a:blocked:Acdb64a::f0 bia:undef::undef::: dst:f32:a:blocked:acdb::f0,attr-scratchpad:user,alg:convolution_direct,mb32_ic256oc256_ih56oh56kh1sh1dh0ph0_iw56ow56kw1sw1dw0pw0,65.4138
onednn_verbose,v1,primitive,exec,cpu,convolution,brgconv_1x1:avx512_core,forward_inference,src:f32:a:blocked:acdb::f0 wei:f32:a:blocked:Acdb64a::f0 bia:undef::undef::: dst:f32:a:blocked:acdb::f0,attr-scratchpad:user,alg:convolution_direct,mb32_ic256oc256_ih56oh56kh1sh1dh0ph0_iw56ow56kw1sw1dw0pw0,65.7219
onednn_verbose,v1,primitive,exec,cpu,convolution,brgconv_1x1:avx512_core,forward_inference,src:f32:a:blocked:acdb::f0 wei:f32:a:blocked:Acdb64a::f0 bia:undef::undef::: dst:f32:a:blocked:acdb::f0,attr-scratchpad:user,alg:convolution_direct,mb32_ic256oc256_ih56oh56kh1sh1dh0ph0_iw56ow56kw1sw1dw0pw0,65.4409
onednn_verbose,v1,primitive,exec,cpu,convolution,brgconv_1x1:avx512_core,forward_inference,src:f32:a:blocked:acdb::f0 wei:f32:a:blocked:Acdb64a::f0 bia:undef::undef::: dst:f32:a:blocked:acdb::f0,attr-scratchpad:user,alg:convolution_direct,mb32_ic256oc256_ih56oh56kh1sh1dh0ph0_iw56ow56kw1sw1dw0pw0,65.4238
[CALIBRATION] shape=6 threads=1 batches=16 runtime_s=1.04789 status=in_range
onednn_verbose,v1,primitive,exec,cpu,convolution,brgconv_1x1:avx512_core,forward_inference,src:f32:a:blocked:acdb::f0 wei:f32:a:blocked:Acdb64a::f0 bia:undef::undef::: dst:f32:a:blocked:acdb::f0,attr-scratchpad:user,alg:convolution_direct,mb32_ic256oc256_ih56oh56kh1sh1dh0ph0_iw56ow56kw1sw1dw0pw0,65.7129
onednn_verbose,v1,primitive,exec,cpu,convolution,brgconv_1x1:avx512_core,forward_inference,src:f32:a:blocked:acdb::f0 wei:f32:a:blocked:Acdb64a::f0 bia:undef::undef::: dst:f32:a:blocked:acdb::f0,attr-scratchpad:user,alg:convolution_direct,mb32_ic256oc256_ih56oh56kh1sh1dh0ph0_iw56ow56kw1sw1dw0pw0,65.5029
onednn_verbose,v1,primitive,exec,cpu,convolution,brgconv_1x1:avx512_core,forward_inference,src:f32:a:blocked:acdb::f0 wei:f32:a:blocked:Acdb64a::f0 bia:undef::undef::: dst:f32:a:blocked:acdb::f0,attr-scratchpad:user,alg:convolution_direct,mb32_ic256oc256_ih56oh56kh1sh1dh0ph0_iw56ow56kw1sw1dw0pw0,65.4412
onednn_verbose,v1,primitive,exec,cpu,convolution,brgconv_1x1:avx512_core,forward_inference,src:f32:a:blocked:acdb::f0 wei:f32:a:blocked:Acdb64a::f0 bia:undef::undef::: dst:f32:a:blocked:acdb::f0,attr-scratchpad:user,alg:convolution_direct,mb32_ic256oc256_ih56oh56kh1sh1dh0ph0_iw56ow56kw1sw1dw0pw0,65.4641
onednn_verbose,v1,primitive,exec,cpu,convolution,brgconv_1x1:avx512_core,forward_inference,src:f32:a:blocked:acdb::f0 wei:f32:a:blocked:Acdb64a::f0 bia:undef::undef::: dst:f32:a:blocked:acdb::f0,attr-scratchpad:user,alg:convolution_direct,mb32_ic256oc256_ih56oh56kh1sh1dh0ph0_iw56ow56kw1sw1dw0pw0,65.469
onednn_verbose,v1,primitive,exec,cpu,convolution,brgconv_1x1:avx512_core,forward_inference,src:f32:a:blocked:acdb::f0 wei:f32:a:blocked:Acdb64a::f0 bia:undef::undef::: dst:f32:a:blocked:acdb::f0,attr-scratchpad:user,alg:convolution_direct,mb32_ic256oc256_ih56oh56kh1sh1dh0ph0_iw56ow56kw1sw1dw0pw0,66.469
onednn_verbose,v1,primitive,exec,cpu,convolution,brgconv_1x1:avx512_core,forward_inference,src:f32:a:blocked:acdb::f0 wei:f32:a:blocked:Acdb64a::f0 bia:undef::undef::: dst:f32:a:blocked:acdb::f0,attr-scratchpad:user,alg:convolution_direct,mb32_ic256oc256_ih56oh56kh1sh1dh0ph0_iw56ow56kw1sw1dw0pw0,65.438
onednn_verbose,v1,primitive,exec,cpu,convolution,brgconv_1x1:avx512_core,forward_inference,src:f32:a:blocked:acdb::f0 wei:f32:a:blocked:Acdb64a::f0 bia:undef::undef::: dst:f32:a:blocked:acdb::f0,attr-scratchpad:user,alg:convolution_direct,mb32_ic256oc256_ih56oh56kh1sh1dh0ph0_iw56ow56kw1sw1dw0pw0,65.4529
onednn_verbose,v1,primitive,exec,cpu,convolution,brgconv_1x1:avx512_core,forward_inference,src:f32:a:blocked:acdb::f0 wei:f32:a:blocked:Acdb64a::f0 bia:undef::undef::: dst:f32:a:blocked:acdb::f0,attr-scratchpad:user,alg:convolution_direct,mb32_ic256oc256_ih56oh56kh1sh1dh0ph0_iw56ow56kw1sw1dw0pw0,65.415
onednn_verbose,v1,primitive,exec,cpu,convolution,brgconv_1x1:avx512_core,forward_inference,src:f32:a:blocked:acdb::f0 wei:f32:a:blocked:Acdb64a::f0 bia:undef::undef::: dst:f32:a:blocked:acdb::f0,attr-scratchpad:user,alg:convolution_direct,mb32_ic256oc256_ih56oh56kh1sh1dh0ph0_iw56ow56kw1sw1dw0pw0,65.512
onednn_verbose,v1,primitive,exec,cpu,convolution,brgconv_1x1:avx512_core,forward_inference,src:f32:a:blocked:acdb::f0 wei:f32:a:blocked:Acdb64a::f0 bia:undef::undef::: dst:f32:a:blocked:acdb::f0,attr-scratchpad:user,alg:convolution_direct,mb32_ic256oc256_ih56oh56kh1sh1dh0ph0_iw56ow56kw1sw1dw0pw0,65.4321
onednn_verbose,v1,primitive,exec,cpu,convolution,brgconv_1x1:avx512_core,forward_inference,src:f32:a:blocked:acdb::f0 wei:f32:a:blocked:Acdb64a::f0 bia:undef::undef::: dst:f32:a:blocked:acdb::f0,attr-scratchpad:user,alg:convolution_direct,mb32_ic256oc256_ih56oh56kh1sh1dh0ph0_iw56ow56kw1sw1dw0pw0,65.4292
onednn_verbose,v1,primitive,exec,cpu,convolution,brgconv_1x1:avx512_core,forward_inference,src:f32:a:blocked:acdb::f0 wei:f32:a:blocked:Acdb64a::f0 bia:undef::undef::: dst:f32:a:blocked:acdb::f0,attr-scratchpad:user,alg:convolution_direct,mb32_ic256oc256_ih56oh56kh1sh1dh0ph0_iw56ow56kw1sw1dw0pw0,65.554
onednn_verbose,v1,primitive,exec,cpu,convolution,brgconv_1x1:avx512_core,forward_inference,src:f32:a:blocked:acdb::f0 wei:f32:a:blocked:Acdb64a::f0 bia:undef::undef::: dst:f32:a:blocked:acdb::f0,attr-scratchpad:user,alg:convolution_direct,mb32_ic256oc256_ih56oh56kh1sh1dh0ph0_iw56ow56kw1sw1dw0pw0,65.428
onednn_verbose,v1,primitive,exec,cpu,convolution,brgconv_1x1:avx512_core,forward_inference,src:f32:a:blocked:acdb::f0 wei:f32:a:blocked:Acdb64a::f0 bia:undef::undef::: dst:f32:a:blocked:acdb::f0,attr-scratchpad:user,alg:convolution_direct,mb32_ic256oc256_ih56oh56kh1sh1dh0ph0_iw56ow56kw1sw1dw0pw0,65.3909
onednn_verbose,v1,primitive,exec,cpu,convolution,brgconv_1x1:avx512_core,forward_inference,src:f32:a:blocked:acdb::f0 wei:f32:a:blocked:Acdb64a::f0 bia:undef::undef::: dst:f32:a:blocked:acdb::f0,attr-scratchpad:user,alg:convolution_direct,mb32_ic256oc256_ih56oh56kh1sh1dh0ph0_iw56ow56kw1sw1dw0pw0,65.532
onednn_verbose,v1,primitive,exec,cpu,reorder,jit:uni,undef,src:f32::blocked:acdb::f0 dst:f32::blocked:abcd::f0,,,32x256x56x56,27.0708
[CHECKSUM] shape=6 threads=1 rep=1 samples=32 max_abs_error=0.000000e+00 max_rel_error=0.000000e+00 max_normalized_error=0.000000e+00 nonfinite=0 worst_flat_index=0 worst_n=0 worst_k=0 worst_oh=0 worst_ow=0 gate=PASS
[CONV2D] shape=6 threads=1 rep=1 batches=16 e2e_time_s=1.049094 kernel_time_s=1.049094 device_energy_j=50.365716 avg_power_w=48.009 runtime_status=in_range checksum=OK
