
==============NVSMI LOG==============

Timestamp                                 : Tue Nov 11 14:12:23 2025
Driver Version                            : 580.95.05
CUDA Version                              : 13.0

Attached GPUs                             : 1
GPU 00000000:17:00.0
    Temperature
        GPU Current Temp                  : 68 C
        GPU T.Limit Temp                  : 21 C
        GPU Shutdown T.Limit Temp         : -5 C
        GPU Slowdown T.Limit Temp         : -2 C
        GPU Max Operating T.Limit Temp    : 0 C
        GPU Target Temperature            : N/A
        Memory Current Temp               : N/A
        Memory Max Operating T.Limit Temp : N/A
    GPU Power Readings
        Average Power Draw                : 102.78 W
        Instantaneous Power Draw          : 58.80 W
        Current Power Limit               : 130.00 W
        Requested Power Limit             : 130.00 W
        Default Power Limit               : 130.00 W
        Min Power Limit                   : 110.00 W
        Max Power Limit                   : 150.00 W
    Power Samples
        Duration                          : 2.36 sec
        Number of Samples                 : 119
        Max                               : 108.03 W
        Min                               : 54.73 W
        Avg                               : 104.81 W
    GPU Memory Power Readings 
        Average Power Draw                : N/A
        Instantaneous Power Draw          : N/A
    Module Power Readings
        Average Power Draw                : N/A
        Instantaneous Power Draw          : N/A
        Current Power Limit               : N/A
        Requested Power Limit             : N/A
        Default Power Limit               : N/A
        Min Power Limit                   : N/A
        Max Power Limit                   : N/A
    Clocks
        Graphics                          : 2887 MHz
        SM                                : 2887 MHz
        Memory                            : 10001 MHz
        Video                             : 2497 MHz
    Applications Clocks
        Graphics                          : N/A
        Memory                            : N/A
    Default Applications Clocks
        Graphics                          : N/A
        Memory                            : N/A
    Deferred Clocks
        Memory                            : N/A
    Max Clocks
        Graphics                          : 3090 MHz
        SM                                : 3090 MHz
        Memory                            : 10001 MHz
        Video                             : 3090 MHz
    Max Customer Boost Clocks
        Graphics                          : N/A
    SM Clock Samples
        Duration                          : N/A
        Number of Samples                 : N/A
        Max                               : N/A
        Min                               : N/A
        Avg                               : N/A
    Memory Clock Samples
        Duration                          : N/A
        Number of Samples                 : N/A
        Max                               : N/A
        Min                               : N/A
        Avg                               : N/A
    Clock Policy
        Auto Boost                        : N/A
        Auto Boost Default                : N/A

