REDUCTION(sum) | NVIDIA GeForce RTX 5060 Ti | session=reduction_5060ti_20260722_050953_session1 | reps=10 | configs=9
WARN: kernel_time_s exceeds e2e_time_s by 8.00148e-07 s
N=4000000 batches=81404 kernel_s=1.00001 e2e_s=1.00001 energy_j=81.752 checksum=OK relative_error=4.487180e-08
WARN: kernel_time_s exceeds e2e_time_s by 1.74761e-06 s
N=4000000 batches=81404 kernel_s=1.00001 e2e_s=1.00001 energy_j=81.852 checksum=OK relative_error=4.487180e-08
WARN: kernel_time_s exceeds e2e_time_s by 1.45917e-06 s
N=4000000 batches=81404 kernel_s=1.00001 e2e_s=1.00001 energy_j=81.807 checksum=OK relative_error=4.487180e-08
WARN: kernel_time_s exceeds e2e_time_s by 1.13246e-06 s
N=4000000 batches=81404 kernel_s=1.00001 e2e_s=1.00001 energy_j=81.983 checksum=OK relative_error=4.487180e-08
WARN: kernel_time_s exceeds e2e_time_s by 1.37635e-06 s
N=4000000 batches=81404 kernel_s=1.00003 e2e_s=1.00003 energy_j=90.182 checksum=OK relative_error=4.487180e-08
WARN: kernel_time_s exceeds e2e_time_s by 1.35664e-06 s
N=4000000 batches=81404 kernel_s=1.00001 e2e_s=1.00001 energy_j=82.908 checksum=OK relative_error=4.487180e-08
WARN: kernel_time_s exceeds e2e_time_s by 1.40689e-06 s
N=4000000 batches=81404 kernel_s=1.00001 e2e_s=1.00001 energy_j=83.067 checksum=OK relative_error=4.487180e-08
WARN: kernel_time_s exceeds e2e_time_s by 3.34289e-07 s
N=4000000 batches=81404 kernel_s=1.00001 e2e_s=1.00001 energy_j=83.09 checksum=OK relative_error=4.487180e-08
WARN: kernel_time_s exceeds e2e_time_s by 1.25896e-06 s
N=4000000 batches=81404 kernel_s=1.00001 e2e_s=1.00001 energy_j=83.136 checksum=OK relative_error=4.487180e-08
N=4000000 batches=81404 kernel_s=1.00001 e2e_s=1.00001 energy_j=83.207 checksum=OK relative_error=4.487180e-08
N=256000000 batches=417 kernel_s=1.00512 e2e_s=1.00525 energy_j=84.412 checksum=OK relative_error=3.455529e-09
N=256000000 batches=417 kernel_s=1.00523 e2e_s=1.00537 energy_j=84.005 checksum=OK relative_error=3.455529e-09
N=256000000 batches=417 kernel_s=1.00517 e2e_s=1.0053 energy_j=83.721 checksum=OK relative_error=3.455529e-09
N=256000000 batches=417 kernel_s=1.00514 e2e_s=1.00528 energy_j=84.486 checksum=OK relative_error=3.455529e-09
N=256000000 batches=417 kernel_s=1.00526 e2e_s=1.00539 energy_j=84.174 checksum=OK relative_error=3.455529e-09
N=256000000 batches=417 kernel_s=1.0052 e2e_s=1.00528 energy_j=83.819 checksum=OK relative_error=3.455529e-09
N=256000000 batches=417 kernel_s=1.00523 e2e_s=1.00536 energy_j=84.605 checksum=OK relative_error=3.455529e-09
N=256000000 batches=417 kernel_s=1.00519 e2e_s=1.00536 energy_j=84.293 checksum=OK relative_error=3.455529e-09
N=256000000 batches=417 kernel_s=1.00519 e2e_s=1.0053 energy_j=83.966 checksum=OK relative_error=3.455529e-09
N=256000000 batches=417 kernel_s=1.00522 e2e_s=1.00532 energy_j=84.801 checksum=OK relative_error=3.455529e-09
N=128000000 batches=828 kernel_s=1.00108 e2e_s=1.00109 energy_j=84.415 checksum=OK relative_error=3.906250e-09
N=128000000 batches=828 kernel_s=1.00113 e2e_s=1.00114 energy_j=84.193 checksum=OK relative_error=3.906250e-09
WARN: kernel_time_s exceeds e2e_time_s by 1.00639e-06 s
N=128000000 batches=828 kernel_s=1.00106 e2e_s=1.00106 energy_j=85.356 checksum=OK relative_error=3.906250e-09
N=128000000 batches=828 kernel_s=1.00103 e2e_s=1.00104 energy_j=85.35 checksum=OK relative_error=3.906250e-09
N=128000000 batches=828 kernel_s=1.00107 e2e_s=1.00108 energy_j=85.199 checksum=OK relative_error=3.906250e-09
N=128000000 batches=828 kernel_s=1.00112 e2e_s=1.00112 energy_j=85.172 checksum=OK relative_error=3.906250e-09
N=128000000 batches=828 kernel_s=1.00106 e2e_s=1.00106 energy_j=85.114 checksum=OK relative_error=3.906250e-09
WARN: kernel_time_s exceeds e2e_time_s by 4.45305e-07 s
N=128000000 batches=828 kernel_s=1.00108 e2e_s=1.00108 energy_j=85.078 checksum=OK relative_error=3.906250e-09
WARN: kernel_time_s exceeds e2e_time_s by 1.86375e-07 s
N=128000000 batches=828 kernel_s=1.00107 e2e_s=1.00107 energy_j=85.314 checksum=OK relative_error=3.906250e-09
WARN: kernel_time_s exceeds e2e_time_s by 1.14004e-06 s
N=128000000 batches=828 kernel_s=1.00107 e2e_s=1.00107 energy_j=85.235 checksum=OK relative_error=3.906250e-09
WARN: kernel_time_s exceeds e2e_time_s by 1.25271e-06 s
N=8000000 batches=48757 kernel_s=0.999973 e2e_s=0.999972 energy_j=90.688 checksum=OK relative_error=4.326923e-08
WARN: kernel_time_s exceeds e2e_time_s by 7.03934e-07 s
N=8000000 batches=48757 kernel_s=0.999972 e2e_s=0.999971 energy_j=90.621 checksum=OK relative_error=4.326923e-08
WARN: kernel_time_s exceeds e2e_time_s by 1.10656e-06 s
N=8000000 batches=48757 kernel_s=1.00003 e2e_s=1.00003 energy_j=90.512 checksum=OK relative_error=4.326923e-08
WARN: kernel_time_s exceeds e2e_time_s by 2.77164e-07 s
N=8000000 batches=48757 kernel_s=1.00001 e2e_s=1.00001 energy_j=91.734 checksum=OK relative_error=4.326923e-08
WARN: kernel_time_s exceeds e2e_time_s by 9.13277e-07 s
N=8000000 batches=48757 kernel_s=0.999919 e2e_s=0.999918 energy_j=91.587 checksum=OK relative_error=4.326923e-08
WARN: kernel_time_s exceeds e2e_time_s by 1.86551e-06 s
N=8000000 batches=48757 kernel_s=1 e2e_s=1 energy_j=91.464 checksum=OK relative_error=4.326923e-08
WARN: kernel_time_s exceeds e2e_time_s by 1.39496e-06 s
N=8000000 batches=48757 kernel_s=1.00006 e2e_s=1.00005 energy_j=91.334 checksum=OK relative_error=4.326923e-08
WARN: kernel_time_s exceeds e2e_time_s by 8.06617e-07 s
N=8000000 batches=48757 kernel_s=0.99994 e2e_s=0.99994 energy_j=91.105 checksum=OK relative_error=4.326923e-08
WARN: kernel_time_s exceeds e2e_time_s by 1.06727e-06 s
N=8000000 batches=48757 kernel_s=1.00004 e2e_s=1.00004 energy_j=91.016 checksum=OK relative_error=4.326923e-08
WARN: kernel_time_s exceeds e2e_time_s by 1.25813e-06 s
N=8000000 batches=48757 kernel_s=1.00001 e2e_s=1 energy_j=90.766 checksum=OK relative_error=4.326923e-08
N=64000000 batches=1608 kernel_s=0.977715 e2e_s=0.977716 energy_j=85.401 checksum=OK relative_error=2.083333e-08
WARN: kernel_time_s exceeds e2e_time_s by 1.21018e-06 s
N=64000000 batches=1608 kernel_s=0.977757 e2e_s=0.977756 energy_j=85.298 checksum=OK relative_error=2.083333e-08
N=64000000 batches=1608 kernel_s=0.977828 e2e_s=0.977829 energy_j=85.136 checksum=OK relative_error=2.083333e-08
WARN: kernel_time_s exceeds e2e_time_s by 6.63203e-07 s
N=64000000 batches=1608 kernel_s=0.977712 e2e_s=0.977711 energy_j=85.118 checksum=OK relative_error=2.083333e-08
N=64000000 batches=1608 kernel_s=0.977782 e2e_s=0.977783 energy_j=76.47 checksum=OK relative_error=2.083333e-08
N=64000000 batches=1608 kernel_s=0.977677 e2e_s=0.977678 energy_j=84.871 checksum=OK relative_error=2.083333e-08
WARN: kernel_time_s exceeds e2e_time_s by 6.82598e-07 s
N=64000000 batches=1608 kernel_s=0.97772 e2e_s=0.977719 energy_j=84.83 checksum=OK relative_error=2.083333e-08
WARN: kernel_time_s exceeds e2e_time_s by 1.0573e-06 s
N=64000000 batches=1608 kernel_s=0.977659 e2e_s=0.977657 energy_j=84.79 checksum=OK relative_error=2.083333e-08
N=64000000 batches=1608 kernel_s=0.977746 e2e_s=0.977747 energy_j=84.891 checksum=OK relative_error=2.083333e-08
WARN: kernel_time_s exceeds e2e_time_s by 1.24212e-06 s
N=64000000 batches=1608 kernel_s=0.977705 e2e_s=0.977704 energy_j=76.375 checksum=OK relative_error=2.083333e-08
N=32000000 batches=3247 kernel_s=1.00031 e2e_s=1.00031 energy_j=83.678 checksum=OK relative_error=3.365385e-08
WARN: kernel_time_s exceeds e2e_time_s by 7.52891e-07 s
N=32000000 batches=3247 kernel_s=1.00037 e2e_s=1.00037 energy_j=84.401 checksum=OK relative_error=3.365385e-08
WARN: kernel_time_s exceeds e2e_time_s by 1.07931e-06 s
N=32000000 batches=3247 kernel_s=1.0004 e2e_s=1.0004 energy_j=84.271 checksum=OK relative_error=3.365385e-08
WARN: kernel_time_s exceeds e2e_time_s by 1.64624e-06 s
N=32000000 batches=3247 kernel_s=1.00038 e2e_s=1.00038 energy_j=84.082 checksum=OK relative_error=3.365385e-08
N=32000000 batches=3247 kernel_s=1.00036 e2e_s=1.00036 energy_j=83.935 checksum=OK relative_error=3.365385e-08
WARN: kernel_time_s exceeds e2e_time_s by 2.63398e-07 s
N=32000000 batches=3247 kernel_s=1.00037 e2e_s=1.00037 energy_j=83.672 checksum=OK relative_error=3.365385e-08
WARN: kernel_time_s exceeds e2e_time_s by 1.79919e-06 s
N=32000000 batches=3247 kernel_s=1.00046 e2e_s=1.00046 energy_j=83.56 checksum=OK relative_error=3.365385e-08
WARN: kernel_time_s exceeds e2e_time_s by 1.02682e-06 s
N=32000000 batches=3247 kernel_s=1.00036 e2e_s=1.00035 energy_j=83.384 checksum=OK relative_error=3.365385e-08
WARN: kernel_time_s exceeds e2e_time_s by 4.94172e-07 s
N=32000000 batches=3247 kernel_s=1.00047 e2e_s=1.00047 energy_j=83.307 checksum=OK relative_error=3.365385e-08
WARN: kernel_time_s exceeds e2e_time_s by 9.25926e-07 s
N=32000000 batches=3247 kernel_s=1.00039 e2e_s=1.00039 energy_j=91.578 checksum=OK relative_error=3.365385e-08
WARN: kernel_time_s exceeds e2e_time_s by 2.66781e-07 s
N=16000000 batches=6725 kernel_s=1.06145 e2e_s=1.06145 energy_j=91.643 checksum=OK relative_error=4.006410e-08
WARN: kernel_time_s exceeds e2e_time_s by 5.69289e-07 s
N=16000000 batches=6725 kernel_s=1.06155 e2e_s=1.06155 energy_j=83.134 checksum=OK relative_error=4.006410e-08
WARN: kernel_time_s exceeds e2e_time_s by 2.09999e-06 s
N=16000000 batches=6725 kernel_s=1.06151 e2e_s=1.06151 energy_j=91.206 checksum=OK relative_error=4.006410e-08
WARN: kernel_time_s exceeds e2e_time_s by 1.74292e-06 s
N=16000000 batches=6725 kernel_s=1.06145 e2e_s=1.06144 energy_j=90.904 checksum=OK relative_error=4.006410e-08
N=16000000 batches=6725 kernel_s=1.06151 e2e_s=1.06151 energy_j=82.41 checksum=OK relative_error=4.006410e-08
N=16000000 batches=6725 kernel_s=1.06148 e2e_s=1.06148 energy_j=91.37 checksum=OK relative_error=4.006410e-08
N=16000000 batches=6725 kernel_s=1.06153 e2e_s=1.06153 energy_j=91.123 checksum=OK relative_error=4.006410e-08
WARN: kernel_time_s exceeds e2e_time_s by 1.27498e-06 s
N=16000000 batches=6725 kernel_s=1.06149 e2e_s=1.06148 energy_j=82.904 checksum=OK relative_error=4.006410e-08
WARN: kernel_time_s exceeds e2e_time_s by 1.25436e-06 s
N=16000000 batches=6725 kernel_s=1.06141 e2e_s=1.06141 energy_j=90.936 checksum=OK relative_error=4.006410e-08
WARN: kernel_time_s exceeds e2e_time_s by 1.78864e-06 s
N=16000000 batches=6725 kernel_s=1.06155 e2e_s=1.06155 energy_j=82.482 checksum=OK relative_error=4.006410e-08
WARN: kernel_time_s exceeds e2e_time_s by 2.03765e-06 s
N=1000000 batches=160358 kernel_s=1.0035 e2e_s=1.0035 energy_j=65.652 checksum=OK relative_error=6.410263e-08
WARN: kernel_time_s exceeds e2e_time_s by 2.17068e-06 s
N=1000000 batches=160358 kernel_s=1.00579 e2e_s=1.00579 energy_j=65.137 checksum=OK relative_error=6.410263e-08
WARN: kernel_time_s exceeds e2e_time_s by 2.01866e-06 s
N=1000000 batches=160358 kernel_s=1.00429 e2e_s=1.00429 energy_j=64.86 checksum=OK relative_error=6.410263e-08
WARN: kernel_time_s exceeds e2e_time_s by 1.53159e-06 s
N=1000000 batches=160358 kernel_s=1.00446 e2e_s=1.00446 energy_j=64.535 checksum=OK relative_error=6.410263e-08
WARN: kernel_time_s exceeds e2e_time_s by 1.92221e-06 s
N=1000000 batches=160358 kernel_s=1.00247 e2e_s=1.00247 energy_j=65.102 checksum=OK relative_error=6.410263e-08
N=1000000 batches=160358 kernel_s=1.00256 e2e_s=1.00256 energy_j=65.055 checksum=OK relative_error=6.410263e-08
N=1000000 batches=160358 kernel_s=1.00443 e2e_s=1.00443 energy_j=64.795 checksum=OK relative_error=6.410263e-08
WARN: kernel_time_s exceeds e2e_time_s by 2.11627e-06 s
N=1000000 batches=160358 kernel_s=1.00374 e2e_s=1.00374 energy_j=64.587 checksum=OK relative_error=6.410263e-08
WARN: kernel_time_s exceeds e2e_time_s by 1.82049e-06 s
N=1000000 batches=160358 kernel_s=0.999923 e2e_s=0.999921 energy_j=65.216 checksum=OK relative_error=6.410263e-08
WARN: kernel_time_s exceeds e2e_time_s by 2.33132e-06 s
N=1000000 batches=160358 kernel_s=1.00244 e2e_s=1.00244 energy_j=65.177 checksum=OK relative_error=6.410263e-08
WARN: kernel_time_s exceeds e2e_time_s by 1.12148e-06 s
N=2000000 batches=122011 kernel_s=1.00001 e2e_s=1 energy_j=88.526 checksum=OK relative_error=5.769235e-08
WARN: kernel_time_s exceeds e2e_time_s by 1.29655e-06 s
N=2000000 batches=122011 kernel_s=1.00001 e2e_s=1.00001 energy_j=88.386 checksum=OK relative_error=5.769235e-08
WARN: kernel_time_s exceeds e2e_time_s by 1.2375e-06 s
N=2000000 batches=122011 kernel_s=1.00001 e2e_s=1.00001 energy_j=88.392 checksum=OK relative_error=5.769235e-08
WARN: kernel_time_s exceeds e2e_time_s by 1.53187e-06 s
N=2000000 batches=122011 kernel_s=1.00001 e2e_s=1.00001 energy_j=88.323 checksum=OK relative_error=5.769235e-08
WARN: kernel_time_s exceeds e2e_time_s by 1.94313e-06 s
N=2000000 batches=122011 kernel_s=1.00001 e2e_s=1.00001 energy_j=88.426 checksum=OK relative_error=5.769235e-08
N=2000000 batches=122011 kernel_s=1.00001 e2e_s=1.00003 energy_j=88.458 checksum=OK relative_error=5.769235e-08
WARN: kernel_time_s exceeds e2e_time_s by 1.56915e-06 s
N=2000000 batches=122011 kernel_s=1.00001 e2e_s=1.00001 energy_j=88.519 checksum=OK relative_error=5.769235e-08
WARN: kernel_time_s exceeds e2e_time_s by 1.79494e-06 s
N=2000000 batches=122011 kernel_s=1.00001 e2e_s=1.00001 energy_j=88.335 checksum=OK relative_error=5.769235e-08
WARN: kernel_time_s exceeds e2e_time_s by 1.47275e-06 s
N=2000000 batches=122011 kernel_s=1.00001 e2e_s=1.00001 energy_j=88.294 checksum=OK relative_error=5.769235e-08
WARN: kernel_time_s exceeds e2e_time_s by 1.64127e-06 s
N=2000000 batches=122011 kernel_s=1.00001 e2e_s=1.00001 energy_j=88.131 checksum=OK relative_error=5.769235e-08
