REDUCTION(sum) | NVIDIA GeForce RTX 5060 Ti | session=reduction_5060ti_20260722_050953_session3 | reps=10 | configs=9
WARN: kernel_time_s exceeds e2e_time_s by 2.09927e-06 s
N=2000000 batches=122011 kernel_s=1.00001 e2e_s=1.00001 energy_j=88.422 checksum=OK relative_error=5.769235e-08
WARN: kernel_time_s exceeds e2e_time_s by 2.5834e-06 s
N=2000000 batches=122011 kernel_s=1.00001 e2e_s=1.00001 energy_j=88.192 checksum=OK relative_error=5.769235e-08
N=2000000 batches=122011 kernel_s=1.00001 e2e_s=1.00001 energy_j=88.231 checksum=OK relative_error=5.769235e-08
WARN: kernel_time_s exceeds e2e_time_s by 1.12564e-06 s
N=2000000 batches=122011 kernel_s=1.00001 e2e_s=1.00001 energy_j=88.92 checksum=OK relative_error=5.769235e-08
WARN: kernel_time_s exceeds e2e_time_s by 1.60215e-06 s
N=2000000 batches=122011 kernel_s=1.00001 e2e_s=1.00001 energy_j=89.025 checksum=OK relative_error=5.769235e-08
WARN: kernel_time_s exceeds e2e_time_s by 9.66906e-07 s
N=2000000 batches=122011 kernel_s=1.00001 e2e_s=1.00001 energy_j=89.087 checksum=OK relative_error=5.769235e-08
WARN: kernel_time_s exceeds e2e_time_s by 1.96787e-06 s
N=2000000 batches=122011 kernel_s=1.00001 e2e_s=1.00001 energy_j=89.069 checksum=OK relative_error=5.769235e-08
WARN: kernel_time_s exceeds e2e_time_s by 2.80162e-06 s
N=2000000 batches=122011 kernel_s=1.00001 e2e_s=1.00001 energy_j=89.148 checksum=OK relative_error=5.769235e-08
WARN: kernel_time_s exceeds e2e_time_s by 1.36605e-06 s
N=2000000 batches=122011 kernel_s=1.00001 e2e_s=1.00001 energy_j=89.236 checksum=OK relative_error=5.769235e-08
WARN: kernel_time_s exceeds e2e_time_s by 2.16771e-06 s
N=2000000 batches=122011 kernel_s=1.00001 e2e_s=1.00001 energy_j=89.032 checksum=OK relative_error=5.769235e-08
N=1000000 batches=162681 kernel_s=1 e2e_s=1.00001 energy_j=66.027 checksum=OK relative_error=6.410263e-08
N=1000000 batches=162681 kernel_s=1.00003 e2e_s=1.00004 energy_j=65.895 checksum=OK relative_error=6.410263e-08
N=1000000 batches=162681 kernel_s=1.00001 e2e_s=1.00002 energy_j=65.744 checksum=OK relative_error=6.410263e-08
N=1000000 batches=162681 kernel_s=1.00001 e2e_s=1.00002 energy_j=65.548 checksum=OK relative_error=6.410263e-08
N=1000000 batches=162681 kernel_s=1.00003 e2e_s=1.00004 energy_j=65.374 checksum=OK relative_error=6.410263e-08
N=1000000 batches=162681 kernel_s=1.00001 e2e_s=1.00002 energy_j=65.426 checksum=OK relative_error=6.410263e-08
N=1000000 batches=162681 kernel_s=1.00002 e2e_s=1.00004 energy_j=65.369 checksum=OK relative_error=6.410263e-08
N=1000000 batches=162681 kernel_s=1.00001 e2e_s=1.00002 energy_j=65.147 checksum=OK relative_error=6.410263e-08
N=1000000 batches=162681 kernel_s=1.00006 e2e_s=1.00008 energy_j=65.101 checksum=OK relative_error=6.410263e-08
N=1000000 batches=162681 kernel_s=1.0001 e2e_s=1.00013 energy_j=65.957 checksum=OK relative_error=6.410263e-08
N=8000000 batches=48780 kernel_s=1.00001 e2e_s=1.00003 energy_j=88.894 checksum=OK relative_error=4.326923e-08
N=8000000 batches=48780 kernel_s=1.00013 e2e_s=1.00014 energy_j=88.867 checksum=OK relative_error=4.326923e-08
N=8000000 batches=48780 kernel_s=1.00002 e2e_s=1.00004 energy_j=88.848 checksum=OK relative_error=4.326923e-08
N=8000000 batches=48780 kernel_s=1.00005 e2e_s=1.00006 energy_j=88.77 checksum=OK relative_error=4.326923e-08
N=8000000 batches=48780 kernel_s=1.00001 e2e_s=1.00002 energy_j=88.762 checksum=OK relative_error=4.326923e-08
N=8000000 batches=48780 kernel_s=1.00012 e2e_s=1.00013 energy_j=88.581 checksum=OK relative_error=4.326923e-08
N=8000000 batches=48780 kernel_s=0.999991 e2e_s=1 energy_j=88.671 checksum=OK relative_error=4.326923e-08
N=8000000 batches=48780 kernel_s=1.00008 e2e_s=1.00009 energy_j=88.542 checksum=OK relative_error=4.326923e-08
N=8000000 batches=48780 kernel_s=0.99998 e2e_s=0.999993 energy_j=88.465 checksum=OK relative_error=4.326923e-08
N=8000000 batches=48780 kernel_s=1.00003 e2e_s=1.00004 energy_j=88.458 checksum=OK relative_error=4.326923e-08
N=4000000 batches=81404 kernel_s=1.00001 e2e_s=1.00002 energy_j=82.74 checksum=OK relative_error=4.487180e-08
N=4000000 batches=81404 kernel_s=1.00001 e2e_s=1.00002 energy_j=83.298 checksum=OK relative_error=4.487180e-08
N=4000000 batches=81404 kernel_s=1.00001 e2e_s=1.00002 energy_j=83.221 checksum=OK relative_error=4.487180e-08
N=4000000 batches=81404 kernel_s=1.00001 e2e_s=1.00002 energy_j=83.16 checksum=OK relative_error=4.487180e-08
N=4000000 batches=81404 kernel_s=1.00001 e2e_s=1.00003 energy_j=83.046 checksum=OK relative_error=4.487180e-08
N=4000000 batches=81404 kernel_s=1.00001 e2e_s=1.00002 energy_j=82.991 checksum=OK relative_error=4.487180e-08
N=4000000 batches=81404 kernel_s=1.00001 e2e_s=1.00002 energy_j=82.94 checksum=OK relative_error=4.487180e-08
N=4000000 batches=81404 kernel_s=1.00001 e2e_s=1.00002 energy_j=82.945 checksum=OK relative_error=4.487180e-08
N=4000000 batches=81404 kernel_s=1.00001 e2e_s=1.00002 energy_j=82.828 checksum=OK relative_error=4.487180e-08
N=4000000 batches=81404 kernel_s=1.00001 e2e_s=1.00002 energy_j=82.709 checksum=OK relative_error=4.487180e-08
N=16000000 batches=6640 kernel_s=1.04824 e2e_s=1.04825 energy_j=83.295 checksum=OK relative_error=4.006410e-08
N=16000000 batches=6640 kernel_s=1.04823 e2e_s=1.04824 energy_j=91.193 checksum=OK relative_error=4.006410e-08
N=16000000 batches=6640 kernel_s=1.0482 e2e_s=1.04821 energy_j=83.266 checksum=OK relative_error=4.006410e-08
N=16000000 batches=6640 kernel_s=1.04819 e2e_s=1.0482 energy_j=91.182 checksum=OK relative_error=4.006410e-08
N=16000000 batches=6640 kernel_s=1.04817 e2e_s=1.04818 energy_j=83.378 checksum=OK relative_error=4.006410e-08
N=16000000 batches=6640 kernel_s=1.04816 e2e_s=1.04817 energy_j=91.23 checksum=OK relative_error=4.006410e-08
N=16000000 batches=6640 kernel_s=1.04811 e2e_s=1.04812 energy_j=83.392 checksum=OK relative_error=4.006410e-08
N=16000000 batches=6640 kernel_s=1.04813 e2e_s=1.04814 energy_j=91.36 checksum=OK relative_error=4.006410e-08
N=16000000 batches=6640 kernel_s=1.04814 e2e_s=1.04815 energy_j=83.379 checksum=OK relative_error=4.006410e-08
N=16000000 batches=6640 kernel_s=1.04809 e2e_s=1.0481 energy_j=91.384 checksum=OK relative_error=4.006410e-08
N=128000000 batches=828 kernel_s=1.00107 e2e_s=1.00109 energy_j=84.485 checksum=OK relative_error=3.906250e-09
N=128000000 batches=828 kernel_s=1.00109 e2e_s=1.00111 energy_j=84.46 checksum=OK relative_error=3.906250e-09
N=128000000 batches=828 kernel_s=1.00107 e2e_s=1.00108 energy_j=84.267 checksum=OK relative_error=3.906250e-09
N=128000000 batches=828 kernel_s=1.00108 e2e_s=1.0011 energy_j=84.191 checksum=OK relative_error=3.906250e-09
N=128000000 batches=828 kernel_s=1.00105 e2e_s=1.00107 energy_j=83.962 checksum=OK relative_error=3.906250e-09
N=128000000 batches=828 kernel_s=1.00106 e2e_s=1.00107 energy_j=83.842 checksum=OK relative_error=3.906250e-09
N=128000000 batches=828 kernel_s=1.00108 e2e_s=1.0011 energy_j=83.736 checksum=OK relative_error=3.906250e-09
N=128000000 batches=828 kernel_s=1.00109 e2e_s=1.0011 energy_j=84.482 checksum=OK relative_error=3.906250e-09
N=128000000 batches=828 kernel_s=1.00112 e2e_s=1.00113 energy_j=84.425 checksum=OK relative_error=3.906250e-09
N=128000000 batches=828 kernel_s=1.00108 e2e_s=1.00109 energy_j=84.309 checksum=OK relative_error=3.906250e-09
N=256000000 batches=415 kernel_s=1.00043 e2e_s=1.00048 energy_j=84.655 checksum=OK relative_error=3.455529e-09
N=256000000 batches=415 kernel_s=1.00043 e2e_s=1.00044 energy_j=84.515 checksum=OK relative_error=3.455529e-09
N=256000000 batches=415 kernel_s=1.00043 e2e_s=1.00045 energy_j=84.385 checksum=OK relative_error=3.455529e-09
N=256000000 batches=415 kernel_s=1.00044 e2e_s=1.00046 energy_j=84.396 checksum=OK relative_error=3.455529e-09
N=256000000 batches=415 kernel_s=1.00045 e2e_s=1.00046 energy_j=84.234 checksum=OK relative_error=3.455529e-09
N=256000000 batches=415 kernel_s=1.00043 e2e_s=1.00045 energy_j=84.044 checksum=OK relative_error=3.455529e-09
N=256000000 batches=415 kernel_s=1.00046 e2e_s=1.00048 energy_j=83.964 checksum=OK relative_error=3.455529e-09
N=256000000 batches=415 kernel_s=1.00046 e2e_s=1.00047 energy_j=83.807 checksum=OK relative_error=3.455529e-09
N=256000000 batches=415 kernel_s=1.00043 e2e_s=1.00044 energy_j=83.708 checksum=OK relative_error=3.455529e-09
N=256000000 batches=415 kernel_s=1.00042 e2e_s=1.00043 energy_j=84.624 checksum=OK relative_error=3.455529e-09
N=64000000 batches=1644 kernel_s=1.00043 e2e_s=1.00046 energy_j=84.001 checksum=OK relative_error=2.083333e-08
N=64000000 batches=1644 kernel_s=1.00043 e2e_s=1.00044 energy_j=83.927 checksum=OK relative_error=2.083333e-08
N=64000000 batches=1644 kernel_s=1.00041 e2e_s=1.00043 energy_j=83.859 checksum=OK relative_error=2.083333e-08
N=64000000 batches=1644 kernel_s=1.00043 e2e_s=1.00044 energy_j=83.724 checksum=OK relative_error=2.083333e-08
N=64000000 batches=1644 kernel_s=1.00042 e2e_s=1.00045 energy_j=83.64 checksum=OK relative_error=2.083333e-08
N=64000000 batches=1644 kernel_s=1.00044 e2e_s=1.00045 energy_j=83.537 checksum=OK relative_error=2.083333e-08
N=64000000 batches=1644 kernel_s=1.00042 e2e_s=1.00044 energy_j=84.459 checksum=OK relative_error=2.083333e-08
N=64000000 batches=1644 kernel_s=1.00045 e2e_s=1.00047 energy_j=84.344 checksum=OK relative_error=2.083333e-08
N=64000000 batches=1644 kernel_s=1.00042 e2e_s=1.00043 energy_j=84.333 checksum=OK relative_error=2.083333e-08
N=64000000 batches=1644 kernel_s=1.00035 e2e_s=1.00037 energy_j=84.134 checksum=OK relative_error=2.083333e-08
N=32000000 batches=3248 kernel_s=1.00037 e2e_s=1.00038 energy_j=83.997 checksum=OK relative_error=3.365385e-08
N=32000000 batches=3248 kernel_s=1.00035 e2e_s=1.00037 energy_j=83.883 checksum=OK relative_error=3.365385e-08
N=32000000 batches=3248 kernel_s=1.00037 e2e_s=1.00039 energy_j=83.696 checksum=OK relative_error=3.365385e-08
N=32000000 batches=3248 kernel_s=1.00031 e2e_s=1.00032 energy_j=83.61 checksum=OK relative_error=3.365385e-08
N=32000000 batches=3248 kernel_s=1.00034 e2e_s=1.00035 energy_j=83.466 checksum=OK relative_error=3.365385e-08
N=32000000 batches=3248 kernel_s=1.00033 e2e_s=1.00034 energy_j=83.327 checksum=OK relative_error=3.365385e-08
N=32000000 batches=3248 kernel_s=1.00033 e2e_s=1.00034 energy_j=83.286 checksum=OK relative_error=3.365385e-08
N=32000000 batches=3248 kernel_s=1.00028 e2e_s=1.00029 energy_j=83.151 checksum=OK relative_error=3.365385e-08
N=32000000 batches=3248 kernel_s=1.00033 e2e_s=1.00034 energy_j=83.999 checksum=OK relative_error=3.365385e-08
N=32000000 batches=3248 kernel_s=1.00039 e2e_s=1.0004 energy_j=83.928 checksum=OK relative_error=3.365385e-08
