REDUCTION(sum) | NVIDIA GeForce RTX 5060 Ti | session=reduction_5060ti_20260722_050953_session2 | reps=10 | configs=9
N=8000000 batches=48856 kernel_s=1.00003 e2e_s=1.00004 energy_j=88.745 checksum=OK relative_error=4.326923e-08
WARN: kernel_time_s exceeds e2e_time_s by 1.25989e-06 s
N=8000000 batches=48856 kernel_s=1.00002 e2e_s=1.00001 energy_j=88.786 checksum=OK relative_error=4.326923e-08
WARN: kernel_time_s exceeds e2e_time_s by 1.26823e-06 s
N=8000000 batches=48856 kernel_s=1.00003 e2e_s=1.00003 energy_j=88.65 checksum=OK relative_error=4.326923e-08
N=8000000 batches=48856 kernel_s=1.00004 e2e_s=1.00006 energy_j=88.532 checksum=OK relative_error=4.326923e-08
WARN: kernel_time_s exceeds e2e_time_s by 1.71963e-06 s
N=8000000 batches=48856 kernel_s=1.00005 e2e_s=1.00005 energy_j=88.452 checksum=OK relative_error=4.326923e-08
WARN: kernel_time_s exceeds e2e_time_s by 2.15967e-06 s
N=8000000 batches=48856 kernel_s=1.00003 e2e_s=1.00003 energy_j=88.42 checksum=OK relative_error=4.326923e-08
WARN: kernel_time_s exceeds e2e_time_s by 1.39098e-06 s
N=8000000 batches=48856 kernel_s=1.00003 e2e_s=1.00003 energy_j=88.31 checksum=OK relative_error=4.326923e-08
WARN: kernel_time_s exceeds e2e_time_s by 1.90664e-06 s
N=8000000 batches=48856 kernel_s=1.00002 e2e_s=1.00002 energy_j=88.248 checksum=OK relative_error=4.326923e-08
WARN: kernel_time_s exceeds e2e_time_s by 1.80759e-06 s
N=8000000 batches=48856 kernel_s=1.00008 e2e_s=1.00008 energy_j=88.149 checksum=OK relative_error=4.326923e-08
WARN: kernel_time_s exceeds e2e_time_s by 1.69951e-06 s
N=8000000 batches=48856 kernel_s=1.00005 e2e_s=1.00005 energy_j=87.97 checksum=OK relative_error=4.326923e-08
N=16000000 batches=6738 kernel_s=1.06359 e2e_s=1.06359 energy_j=91.244 checksum=OK relative_error=4.006410e-08
N=16000000 batches=6738 kernel_s=1.06366 e2e_s=1.06367 energy_j=82.575 checksum=OK relative_error=4.006410e-08
N=16000000 batches=6738 kernel_s=1.0637 e2e_s=1.0637 energy_j=90.483 checksum=OK relative_error=4.006410e-08
WARN: kernel_time_s exceeds e2e_time_s by 1.48152e-06 s
N=16000000 batches=6738 kernel_s=1.06361 e2e_s=1.06361 energy_j=90.313 checksum=OK relative_error=4.006410e-08
N=16000000 batches=6738 kernel_s=1.06362 e2e_s=1.06364 energy_j=82.814 checksum=OK relative_error=4.006410e-08
WARN: kernel_time_s exceeds e2e_time_s by 2.60915e-06 s
N=16000000 batches=6738 kernel_s=1.0636 e2e_s=1.0636 energy_j=90.664 checksum=OK relative_error=4.006410e-08
WARN: kernel_time_s exceeds e2e_time_s by 1.67873e-06 s
N=16000000 batches=6738 kernel_s=1.06363 e2e_s=1.06363 energy_j=90.345 checksum=OK relative_error=4.006410e-08
WARN: kernel_time_s exceeds e2e_time_s by 2.452e-06 s
N=16000000 batches=6738 kernel_s=1.06363 e2e_s=1.06362 energy_j=82.807 checksum=OK relative_error=4.006410e-08
WARN: kernel_time_s exceeds e2e_time_s by 1.28584e-06 s
N=16000000 batches=6738 kernel_s=1.06358 e2e_s=1.06358 energy_j=90.819 checksum=OK relative_error=4.006410e-08
WARN: kernel_time_s exceeds e2e_time_s by 1.69112e-06 s
N=16000000 batches=6738 kernel_s=1.06356 e2e_s=1.06356 energy_j=82.022 checksum=OK relative_error=4.006410e-08
N=64000000 batches=1644 kernel_s=1.00036 e2e_s=1.00036 energy_j=83.074 checksum=OK relative_error=2.083333e-08
WARN: kernel_time_s exceeds e2e_time_s by 9.0473e-07 s
N=64000000 batches=1644 kernel_s=1.00045 e2e_s=1.00045 energy_j=82.956 checksum=OK relative_error=2.083333e-08
WARN: kernel_time_s exceeds e2e_time_s by 1.09267e-06 s
N=64000000 batches=1644 kernel_s=1.00042 e2e_s=1.00042 energy_j=82.836 checksum=OK relative_error=2.083333e-08
WARN: kernel_time_s exceeds e2e_time_s by 1.75039e-06 s
N=64000000 batches=1644 kernel_s=1.00041 e2e_s=1.00041 energy_j=82.583 checksum=OK relative_error=2.083333e-08
WARN: kernel_time_s exceeds e2e_time_s by 2.08353e-06 s
N=64000000 batches=1644 kernel_s=1.00045 e2e_s=1.00045 energy_j=83.602 checksum=OK relative_error=2.083333e-08
WARN: kernel_time_s exceeds e2e_time_s by 1.51995e-06 s
N=64000000 batches=1644 kernel_s=1.00042 e2e_s=1.00042 energy_j=83.478 checksum=OK relative_error=2.083333e-08
WARN: kernel_time_s exceeds e2e_time_s by 1.75505e-06 s
N=64000000 batches=1644 kernel_s=1.00045 e2e_s=1.00045 energy_j=83.406 checksum=OK relative_error=2.083333e-08
WARN: kernel_time_s exceeds e2e_time_s by 1.59905e-06 s
N=64000000 batches=1644 kernel_s=1.00045 e2e_s=1.00045 energy_j=83.303 checksum=OK relative_error=2.083333e-08
WARN: kernel_time_s exceeds e2e_time_s by 2.03575e-06 s
N=64000000 batches=1644 kernel_s=1.00047 e2e_s=1.00047 energy_j=83.112 checksum=OK relative_error=2.083333e-08
WARN: kernel_time_s exceeds e2e_time_s by 2.19327e-06 s
N=64000000 batches=1644 kernel_s=1.00044 e2e_s=1.00044 energy_j=83.08 checksum=OK relative_error=2.083333e-08
WARN: kernel_time_s exceeds e2e_time_s by 2.17766e-06 s
N=2000000 batches=122011 kernel_s=1.00001 e2e_s=1 energy_j=88.386 checksum=OK relative_error=5.769235e-08
WARN: kernel_time_s exceeds e2e_time_s by 1.63936e-06 s
N=2000000 batches=122011 kernel_s=1.00001 e2e_s=1.00001 energy_j=88.435 checksum=OK relative_error=5.769235e-08
WARN: kernel_time_s exceeds e2e_time_s by 1.46722e-06 s
N=2000000 batches=122011 kernel_s=1.00001 e2e_s=1.00001 energy_j=88.347 checksum=OK relative_error=5.769235e-08
WARN: kernel_time_s exceeds e2e_time_s by 1.65401e-06 s
N=2000000 batches=122011 kernel_s=1.00001 e2e_s=1.00001 energy_j=88.391 checksum=OK relative_error=5.769235e-08
WARN: kernel_time_s exceeds e2e_time_s by 1.80624e-06 s
N=2000000 batches=122011 kernel_s=1.00006 e2e_s=1.00006 energy_j=88.362 checksum=OK relative_error=5.769235e-08
WARN: kernel_time_s exceeds e2e_time_s by 1.17901e-06 s
N=2000000 batches=122011 kernel_s=1.00001 e2e_s=1.00001 energy_j=88.267 checksum=OK relative_error=5.769235e-08
WARN: kernel_time_s exceeds e2e_time_s by 1.63453e-07 s
N=2000000 batches=122011 kernel_s=1.00001 e2e_s=1.00001 energy_j=88.301 checksum=OK relative_error=5.769235e-08
WARN: kernel_time_s exceeds e2e_time_s by 1.2478e-06 s
N=2000000 batches=122011 kernel_s=1.00001 e2e_s=1.00001 energy_j=88.324 checksum=OK relative_error=5.769235e-08
WARN: kernel_time_s exceeds e2e_time_s by 1.85912e-06 s
N=2000000 batches=122011 kernel_s=1.00001 e2e_s=1.00001 energy_j=88.19 checksum=OK relative_error=5.769235e-08
WARN: kernel_time_s exceeds e2e_time_s by 1.0542e-06 s
N=2000000 batches=122011 kernel_s=1.00001 e2e_s=1.00001 energy_j=88.174 checksum=OK relative_error=5.769235e-08
WARN: kernel_time_s exceeds e2e_time_s by 3.01771e-06 s
N=1000000 batches=162681 kernel_s=1 e2e_s=1 energy_j=65.503 checksum=OK relative_error=6.410263e-08
WARN: kernel_time_s exceeds e2e_time_s by 1.37339e-06 s
N=1000000 batches=162681 kernel_s=1.00002 e2e_s=1.00002 energy_j=65.304 checksum=OK relative_error=6.410263e-08
N=1000000 batches=162681 kernel_s=1.00001 e2e_s=1.00001 energy_j=65.338 checksum=OK relative_error=6.410263e-08
WARN: kernel_time_s exceeds e2e_time_s by 1.41338e-06 s
N=1000000 batches=162681 kernel_s=1.00001 e2e_s=1.00001 energy_j=65.141 checksum=OK relative_error=6.410263e-08
WARN: kernel_time_s exceeds e2e_time_s by 2.51194e-06 s
N=1000000 batches=162681 kernel_s=1.00001 e2e_s=1 energy_j=65.13 checksum=OK relative_error=6.410263e-08
WARN: kernel_time_s exceeds e2e_time_s by 2.41906e-06 s
N=1000000 batches=162681 kernel_s=1.00001 e2e_s=1 energy_j=65.125 checksum=OK relative_error=6.410263e-08
WARN: kernel_time_s exceeds e2e_time_s by 1.14532e-06 s
N=1000000 batches=162681 kernel_s=1.00002 e2e_s=1.00002 energy_j=65.145 checksum=OK relative_error=6.410263e-08
WARN: kernel_time_s exceeds e2e_time_s by 1.77097e-06 s
N=1000000 batches=162681 kernel_s=1.00001 e2e_s=1.00001 energy_j=65.129 checksum=OK relative_error=6.410263e-08
N=1000000 batches=162681 kernel_s=1.00535 e2e_s=1.00535 energy_j=64.848 checksum=OK relative_error=6.410263e-08
N=1000000 batches=162681 kernel_s=1.02382 e2e_s=1.02382 energy_j=71.383 checksum=OK relative_error=6.410263e-08
WARN: kernel_time_s exceeds e2e_time_s by 6.53672e-07 s
N=4000000 batches=81404 kernel_s=1 e2e_s=1 energy_j=83.061 checksum=OK relative_error=4.487180e-08
WARN: kernel_time_s exceeds e2e_time_s by 1.74573e-06 s
N=4000000 batches=81404 kernel_s=1.00001 e2e_s=1.00001 energy_j=82.917 checksum=OK relative_error=4.487180e-08
WARN: kernel_time_s exceeds e2e_time_s by 1.25771e-06 s
N=4000000 batches=81404 kernel_s=1.00001 e2e_s=1.00001 energy_j=82.8 checksum=OK relative_error=4.487180e-08
WARN: kernel_time_s exceeds e2e_time_s by 2.01762e-06 s
N=4000000 batches=81404 kernel_s=1.00001 e2e_s=1.00001 energy_j=82.635 checksum=OK relative_error=4.487180e-08
WARN: kernel_time_s exceeds e2e_time_s by 2.70304e-06 s
N=4000000 batches=81404 kernel_s=1.00001 e2e_s=1 energy_j=82.609 checksum=OK relative_error=4.487180e-08
WARN: kernel_time_s exceeds e2e_time_s by 2.70194e-06 s
N=4000000 batches=81404 kernel_s=1.00001 e2e_s=1 energy_j=82.626 checksum=OK relative_error=4.487180e-08
WARN: kernel_time_s exceeds e2e_time_s by 2.13636e-06 s
N=4000000 batches=81404 kernel_s=1.00001 e2e_s=1.00001 energy_j=82.504 checksum=OK relative_error=4.487180e-08
WARN: kernel_time_s exceeds e2e_time_s by 1.28211e-06 s
N=4000000 batches=81404 kernel_s=1.00001 e2e_s=1.00001 energy_j=82.448 checksum=OK relative_error=4.487180e-08
WARN: kernel_time_s exceeds e2e_time_s by 1.78587e-06 s
N=4000000 batches=81404 kernel_s=1.00001 e2e_s=1 energy_j=82.469 checksum=OK relative_error=4.487180e-08
WARN: kernel_time_s exceeds e2e_time_s by 1.98787e-06 s
N=4000000 batches=81404 kernel_s=1.00001 e2e_s=1.00001 energy_j=82.437 checksum=OK relative_error=4.487180e-08
N=256000000 batches=416 kernel_s=1.00281 e2e_s=1.00307 energy_j=83.678 checksum=OK relative_error=3.455529e-09
N=256000000 batches=416 kernel_s=1.00283 e2e_s=1.00308 energy_j=83.506 checksum=OK relative_error=3.455529e-09
N=256000000 batches=416 kernel_s=1.00278 e2e_s=1.00305 energy_j=83.308 checksum=OK relative_error=3.455529e-09
N=256000000 batches=416 kernel_s=1.0028 e2e_s=1.00313 energy_j=83.948 checksum=OK relative_error=3.455529e-09
N=256000000 batches=416 kernel_s=1.00285 e2e_s=1.0032 energy_j=83.794 checksum=OK relative_error=3.455529e-09
N=256000000 batches=416 kernel_s=1.00282 e2e_s=1.00314 energy_j=83.601 checksum=OK relative_error=3.455529e-09
N=256000000 batches=416 kernel_s=1.00282 e2e_s=1.00314 energy_j=83.426 checksum=OK relative_error=3.455529e-09
N=256000000 batches=416 kernel_s=1.0028 e2e_s=1.00312 energy_j=83.907 checksum=OK relative_error=3.455529e-09
N=256000000 batches=416 kernel_s=1.00282 e2e_s=1.00314 energy_j=83.807 checksum=OK relative_error=3.455529e-09
N=256000000 batches=416 kernel_s=1.00284 e2e_s=1.00316 energy_j=83.646 checksum=OK relative_error=3.455529e-09
WARN: kernel_time_s exceeds e2e_time_s by 1.1857e-06 s
N=128000000 batches=828 kernel_s=1.00107 e2e_s=1.00107 energy_j=84.103 checksum=OK relative_error=3.906250e-09
WARN: kernel_time_s exceeds e2e_time_s by 2.33553e-06 s
N=128000000 batches=828 kernel_s=1.00109 e2e_s=1.00109 energy_j=83.933 checksum=OK relative_error=3.906250e-09
WARN: kernel_time_s exceeds e2e_time_s by 2.30364e-06 s
N=128000000 batches=828 kernel_s=1.00111 e2e_s=1.00111 energy_j=83.734 checksum=OK relative_error=3.906250e-09
WARN: kernel_time_s exceeds e2e_time_s by 4.59273e-07 s
N=128000000 batches=828 kernel_s=1.0011 e2e_s=1.0011 energy_j=83.584 checksum=OK relative_error=3.906250e-09
N=128000000 batches=828 kernel_s=1.00113 e2e_s=1.00113 energy_j=83.529 checksum=OK relative_error=3.906250e-09
WARN: kernel_time_s exceeds e2e_time_s by 1.93548e-06 s
N=128000000 batches=828 kernel_s=1.00111 e2e_s=1.00111 energy_j=83.305 checksum=OK relative_error=3.906250e-09
WARN: kernel_time_s exceeds e2e_time_s by 1.919e-06 s
N=128000000 batches=828 kernel_s=1.00116 e2e_s=1.00115 energy_j=83.324 checksum=OK relative_error=3.906250e-09
WARN: kernel_time_s exceeds e2e_time_s by 3.33168e-07 s
N=128000000 batches=828 kernel_s=1.00113 e2e_s=1.00113 energy_j=83.948 checksum=OK relative_error=3.906250e-09
WARN: kernel_time_s exceeds e2e_time_s by 6.60754e-07 s
N=128000000 batches=828 kernel_s=1.00114 e2e_s=1.00114 energy_j=83.847 checksum=OK relative_error=3.906250e-09
WARN: kernel_time_s exceeds e2e_time_s by 8.68262e-07 s
N=128000000 batches=828 kernel_s=1.00111 e2e_s=1.00111 energy_j=83.82 checksum=OK relative_error=3.906250e-09
WARN: kernel_time_s exceeds e2e_time_s by 9.51855e-07 s
N=32000000 batches=3247 kernel_s=1.00034 e2e_s=1.00034 energy_j=82.798 checksum=OK relative_error=3.365385e-08
WARN: kernel_time_s exceeds e2e_time_s by 1.35768e-06 s
N=32000000 batches=3247 kernel_s=1.00037 e2e_s=1.00037 energy_j=83.438 checksum=OK relative_error=3.365385e-08
WARN: kernel_time_s exceeds e2e_time_s by 1.39654e-06 s
N=32000000 batches=3247 kernel_s=1.00037 e2e_s=1.00037 energy_j=83.436 checksum=OK relative_error=3.365385e-08
WARN: kernel_time_s exceeds e2e_time_s by 7.14102e-07 s
N=32000000 batches=3247 kernel_s=1.0004 e2e_s=1.0004 energy_j=83.408 checksum=OK relative_error=3.365385e-08
WARN: kernel_time_s exceeds e2e_time_s by 1.66798e-06 s
N=32000000 batches=3247 kernel_s=1.00039 e2e_s=1.00039 energy_j=83.211 checksum=OK relative_error=3.365385e-08
WARN: kernel_time_s exceeds e2e_time_s by 1.39965e-06 s
N=32000000 batches=3247 kernel_s=1.00036 e2e_s=1.00036 energy_j=83.101 checksum=OK relative_error=3.365385e-08
WARN: kernel_time_s exceeds e2e_time_s by 1.60704e-06 s
N=32000000 batches=3247 kernel_s=1.00038 e2e_s=1.00038 energy_j=83.003 checksum=OK relative_error=3.365385e-08
WARN: kernel_time_s exceeds e2e_time_s by 2.1466e-06 s
N=32000000 batches=3247 kernel_s=1.00034 e2e_s=1.00034 energy_j=82.842 checksum=OK relative_error=3.365385e-08
WARN: kernel_time_s exceeds e2e_time_s by 1.51098e-06 s
N=32000000 batches=3247 kernel_s=1.00031 e2e_s=1.00031 energy_j=82.714 checksum=OK relative_error=3.365385e-08
N=32000000 batches=3247 kernel_s=1.00039 e2e_s=1.00041 energy_j=82.454 checksum=OK relative_error=3.365385e-08
